<html>
<body>
<pre>
<h1>礦ision Build Log</h1>
<h2>Tool Versions:</h2>
IDE-Version: μVision V5.23.0.0
Copyright (C) 2017 ARM Ltd and ARM Germany GmbH. All rights reserved.
License Information: 1 1, 1, LIC=HN0AE-5Z1PT-Y8SFK-ZYQKY-2LW2Z-UBCW0
 
Tool Versions:
Toolchain:       MDK-ARM Plus  Version: 5.23
Toolchain Path:  D:\Keil\ARM\ARMCC\Bin
C Compiler:      Armcc.exe V5.06 update 4 (build 422)
Assembler:       Armasm.exe V5.06 update 4 (build 422)
Linker/Locator:  ArmLink.exe V5.06 update 4 (build 422)
Library Manager: ArmAr.exe V5.06 update 4 (build 422)
Hex Converter:   FromElf.exe V5.06 update 4 (build 422)
CPU DLL:         SARMCM3.DLL V5.23
Dialog DLL:      DARMCM1.DLL V1.17.0.0
Target DLL:      Segger\JL2CM3.dll V2.99.23.0
Dialog DLL:      TARMCM1.DLL V1.12.0.0
 
<h2>Project:</h2>
D:\project\飞易通\APP_935_YiChip\APP_935_YiChip\APP_934_YiChip\ModuleDemo\YC1171\bt_demo\CM0\Prj\MDK\yc11xx.uvprojx
Project File Date:  11/29/2021

<h2>Output:</h2>
*** Using Compiler 'V5.06 update 4 (build 422)', folder: 'D:\Keil\ARM\ARMCC\Bin'
Build target 'blueware'
compiling usbd_hid_keyboard_core.c...
linking...
Program Size: Code=8260 RO-data=368 RW-data=336 ZI-data=1928  
FromELF: creating hex file...
After Build - User command #1: fromelf.exe --text -a -c --output=yc11xx_asm.txt ".\Objects\yc11xx.axf"
After Build - User command #2: "Objects/tool/c.bat"
D:\project\飞易通\APP_935_YiChip\APP_935_YiChip\APP_934_YiChip\ModuleDemo\YC1171\bt_demo\CM0\Prj\MDK>cls

D:\project\飞易通\APP_935_YiChip\APP_935_YiChip\APP_934_YiChip\ModuleDemo\YC1171\bt_demo\CM0\Prj\MDK>set ROOT_PATH=..\.. 
D:\project\飞易通\APP_935_YiChip\APP_935_YiChip\APP_934_YiChip\ModuleDemo\YC1171\bt_demo\CM0\Prj\MDK>set RESPIN_PATH=..\..\respin 
D:\project\飞易通\APP_935_YiChip\APP_935_YiChip\APP_934_YiChip\ModuleDemo\YC1171\bt_demo\CM0\Prj\MDK>set OBJ_PATH=.\Objects 
D:\project\飞易通\APP_935_YiChip\APP_935_YiChip\APP_934_YiChip\ModuleDemo\YC1171\bt_demo\CM0\Prj\MDK>set now_path=D:\project\飞易通\APP_935_YiChip\APP_935_YiChip\APP_934_YiChip\ModuleDemo\YC1171\bt_demo\CM0\Prj\MDK\Objects\tool\ 
D:\project\飞易通\APP_935_YiChip\APP_935_YiChip\APP_934_YiChip\ModuleDemo\YC1171\bt_demo\CM0\Prj\MDK>call:getstrlocation D:\project\飞易通\APP_935_YiChip\APP_935_YiChip\APP_934_YiChip\ModuleDemo\YC1171\bt_demo\CM0\Prj\MDK\Objects\tool\ ModuleDemo location 
D:\project\飞易通\APP_935_YiChip\APP_935_YiChip\APP_934_YiChip\ModuleDemo\YC1171\bt_demo\CM0\Prj\MDK>setlocal
D:\project\飞易通\APP_935_YiChip\APP_935_YiChip\APP_934_YiChip\ModuleDemo\YC1171\bt_demo\CM0\Prj\MDK>set "bstr=D:\project\飞易通\APP_935_YiChip\APP_935_YiChip\APP_934_YiChip\ModuleDemo\YC1171\bt_demo\CM0\Prj\MDK\Objects\tool\" 
D:\project\飞易通\APP_935_YiChip\APP_935_YiChip\APP_934_YiChip\ModuleDemo\YC1171\bt_demo\CM0\Prj\MDK>set "cstr=ModuleDemo" 
D:\project\飞易通\APP_935_YiChip\APP_935_YiChip\APP_934_YiChip\ModuleDemo\YC1171\bt_demo\CM0\Prj\MDK>set location=0 
D:\project\飞易通\APP_935_YiChip\APP_935_YiChip\APP_934_YiChip\ModuleDemo\YC1171\bt_demo\CM0\Prj\MDK>set "num=0" 
D:\project\飞易通\APP_935_YiChip\APP_935_YiChip\APP_934_YiChip\ModuleDemo\YC1171\bt_demo\CM0\Prj\MDK>set "len_bstr=0" 
D:\project\飞易通\APP_935_YiChip\APP_935_YiChip\APP_934_YiChip\ModuleDemo\YC1171\bt_demo\CM0\Prj\MDK>set "len_cstr=0" 
D:\project\飞易通\APP_935_YiChip\APP_935_YiChip\APP_934_YiChip\ModuleDemo\YC1171\bt_demo\CM0\Prj\MDK>call:getstrlen D:\project\飞易通\APP_935_YiChip\APP_935_YiChip\APP_934_YiChip\ModuleDemo\YC1171\bt_demo\CM0\Prj\MDK\Objects\tool\ len_bstr 
D:\project\飞易通\APP_935_YiChip\APP_935_YiChip\APP_934_YiChip\ModuleDemo\YC1171\bt_demo\CM0\Prj\MDK>setlocal
D:\project\飞易通\APP_935_YiChip\APP_935_YiChip\APP_934_YiChip\ModuleDemo\YC1171\bt_demo\CM0\Prj\MDK>set str=D:\project\飞易通\APP_935_YiChip\APP_935_YiChip\APP_934_YiChip\ModuleDemo\YC1171\bt_demo\CM0\Prj\MDK\Objects\tool\ 
D:\project\飞易通\APP_935_YiChip\APP_935_YiChip\APP_934_YiChip\ModuleDemo\YC1171\bt_demo\CM0\Prj\MDK>set len_bstr=0 
D:\project\飞易通\APP_935_YiChip\APP_935_YiChip\APP_934_YiChip\ModuleDemo\YC1171\bt_demo\CM0\Prj\MDK>set /a "num=0" 
D:\project\飞易通\APP_935_YiChip\APP_935_YiChip\APP_934_YiChip\ModuleDemo\YC1171\bt_demo\CM0\Prj\MDK>if "D:\project\飞易通\APP_935_YiChip\APP_935_YiChip\APP_934_YiChip\ModuleDemo\YC1171\bt_demo\CM0\Prj\MDK\Objects\tool\" == "" goto getstrlen_last 
D:\project\飞易通\APP_935_YiChip\APP_935_YiChip\APP_934_YiChip\ModuleDemo\YC1171\bt_demo\CM0\Prj\MDK>if not "D:\project\飞易通\APP_935_YiChip\APP_935_YiChip\APP_934_YiChip\ModuleDemo\YC1171\bt_demo\CM0\Prj\MDK\Objects\tool\" == "" (
set /a num+=1   
 set "str=:\project\飞易通\APP_935_YiChip\APP_935_YiChip\APP_934_YiChip\ModuleDemo\YC1171\bt_demo\CM0\Prj\MDK\Objects\tool\"  
 goto getstrlen_next 
) 
D:\project\飞易通\APP_935_YiChip\APP_935_YiChip\APP_934_YiChip\ModuleDemo\YC1171\bt_demo\CM0\Prj\MDK>if ":\project\飞易通\APP_935_YiChip\APP_935_YiChip\APP_934_YiChip\ModuleDemo\YC1171\bt_demo\CM0\Prj\MDK\Objects\tool\" == "" goto getstrlen_last 
D:\project\飞易通\APP_935_YiChip\APP_935_YiChip\APP_934_YiChip\ModuleDemo\YC1171\bt_demo\CM0\Prj\MDK>if not ":\project\飞易通\APP_935_YiChip\APP_935_YiChip\APP_934_YiChip\ModuleDemo\YC1171\bt_demo\CM0\Prj\MDK\Objects\tool\" == "" (
set /a num+=1   
 set "str=\project\飞易通\APP_935_YiChip\APP_935_YiChip\APP_934_YiChip\ModuleDemo\YC1171\bt_demo\CM0\Prj\MDK\Objects\tool\"  
 goto getstrlen_next 
) 
D:\project\飞易通\APP_935_YiChip\APP_935_YiChip\APP_934_YiChip\ModuleDemo\YC1171\bt_demo\CM0\Prj\MDK>if "\project\飞易通\APP_935_YiChip\APP_935_YiChip\APP_934_YiChip\ModuleDemo\YC1171\bt_demo\CM0\Prj\MDK\Objects\tool\" == "" goto getstrlen_last 
D:\project\飞易通\APP_935_YiChip\APP_935_YiChip\APP_934_YiChip\ModuleDemo\YC1171\bt_demo\CM0\Prj\MDK>if not "\project\飞易通\APP_935_YiChip\APP_935_YiChip\APP_934_YiChip\ModuleDemo\YC1171\bt_demo\CM0\Prj\MDK\Objects\tool\" == "" (
set /a num+=1   
 set "str=project\飞易通\APP_935_YiChip\APP_935_YiChip\APP_934_YiChip\ModuleDemo\YC1171\bt_demo\CM0\Prj\MDK\Objects\tool\"  
 goto getstrlen_next 
) 
D:\project\飞易通\APP_935_YiChip\APP_935_YiChip\APP_934_YiChip\ModuleDemo\YC1171\bt_demo\CM0\Prj\MDK>if "project\飞易通\APP_935_YiChip\APP_935_YiChip\APP_934_YiChip\ModuleDemo\YC1171\bt_demo\CM0\Prj\MDK\Objects\tool\" == "" goto getstrlen_last 
D:\project\飞易通\APP_935_YiChip\APP_935_YiChip\APP_934_YiChip\ModuleDemo\YC1171\bt_demo\CM0\Prj\MDK>if not "project\飞易通\APP_935_YiChip\APP_935_YiChip\APP_934_YiChip\ModuleDemo\YC1171\bt_demo\CM0\Prj\MDK\Objects\tool\" == "" (
set /a num+=1   
 set "str=roject\飞易通\APP_935_YiChip\APP_935_YiChip\APP_934_YiChip\ModuleDemo\YC1171\bt_demo\CM0\Prj\MDK\Objects\tool\"  
 goto getstrlen_next 
) 
D:\project\飞易通\APP_935_YiChip\APP_935_YiChip\APP_934_YiChip\ModuleDemo\YC1171\bt_demo\CM0\Prj\MDK>if "roject\飞易通\APP_935_YiChip\APP_935_YiChip\APP_934_YiChip\ModuleDemo\YC1171\bt_demo\CM0\Prj\MDK\Objects\tool\" == "" goto getstrlen_last 
D:\project\飞易通\APP_935_YiChip\APP_935_YiChip\APP_934_YiChip\ModuleDemo\YC1171\bt_demo\CM0\Prj\MDK>if not "roject\飞易通\APP_935_YiChip\APP_935_YiChip\APP_934_YiChip\ModuleDemo\YC1171\bt_demo\CM0\Prj\MDK\Objects\tool\" == "" (
set /a num+=1   
 set "str=oject\飞易通\APP_935_YiChip\APP_935_YiChip\APP_934_YiChip\ModuleDemo\YC1171\bt_demo\CM0\Prj\MDK\Objects\tool\"  
 goto getstrlen_next 
) 
D:\project\飞易通\APP_935_YiChip\APP_935_YiChip\APP_934_YiChip\ModuleDemo\YC1171\bt_demo\CM0\Prj\MDK>if "oject\飞易通\APP_935_YiChip\APP_935_YiChip\APP_934_YiChip\ModuleDemo\YC1171\bt_demo\CM0\Prj\MDK\Objects\tool\" == "" goto getstrlen_last 
D:\project\飞易通\APP_935_YiChip\APP_935_YiChip\APP_934_YiChip\ModuleDemo\YC1171\bt_demo\CM0\Prj\MDK>if not "oject\飞易通\APP_935_YiChip\APP_935_YiChip\APP_934_YiChip\ModuleDemo\YC1171\bt_demo\CM0\Prj\MDK\Objects\tool\" == "" (
set /a num+=1   
 set "str=ject\飞易通\APP_935_YiChip\APP_935_YiChip\APP_934_YiChip\ModuleDemo\YC1171\bt_demo\CM0\Prj\MDK\Objects\tool\"  
 goto getstrlen_next 
) 
D:\project\飞易通\APP_935_YiChip\APP_935_YiChip\APP_934_YiChip\ModuleDemo\YC1171\bt_demo\CM0\Prj\MDK>if "ject\飞易通\APP_935_YiChip\APP_935_YiChip\APP_934_YiChip\ModuleDemo\YC1171\bt_demo\CM0\Prj\MDK\Objects\tool\" == "" goto getstrlen_last 
D:\project\飞易通\APP_935_YiChip\APP_935_YiChip\APP_934_YiChip\ModuleDemo\YC1171\bt_demo\CM0\Prj\MDK>if not "ject\飞易通\APP_935_YiChip\APP_935_YiChip\APP_934_YiChip\ModuleDemo\YC1171\bt_demo\CM0\Prj\MDK\Objects\tool\" == "" (
set /a num+=1   
 set "str=ect\飞易通\APP_935_YiChip\APP_935_YiChip\APP_934_YiChip\ModuleDemo\YC1171\bt_demo\CM0\Prj\MDK\Objects\tool\"  
 goto getstrlen_next 
) 
D:\project\飞易通\APP_935_YiChip\APP_935_YiChip\APP_934_YiChip\ModuleDemo\YC1171\bt_demo\CM0\Prj\MDK>if "ect\飞易通\APP_935_YiChip\APP_935_YiChip\APP_934_YiChip\ModuleDemo\YC1171\bt_demo\CM0\Prj\MDK\Objects\tool\" == "" goto getstrlen_last 
D:\project\飞易通\APP_935_YiChip\APP_935_YiChip\APP_934_YiChip\ModuleDemo\YC1171\bt_demo\CM0\Prj\MDK>if not "ect\飞易通\APP_935_YiChip\APP_935_YiChip\APP_934_YiChip\ModuleDemo\YC1171\bt_demo\CM0\Prj\MDK\Objects\tool\" == "" (
set /a num+=1   
 set "str=ct\飞易通\APP_935_YiChip\APP_935_YiChip\APP_934_YiChip\ModuleDemo\YC1171\bt_demo\CM0\Prj\MDK\Objects\tool\"  
 goto getstrlen_next 
) 
D:\project\飞易通\APP_935_YiChip\APP_935_YiChip\APP_934_YiChip\ModuleDemo\YC1171\bt_demo\CM0\Prj\MDK>if "ct\飞易通\APP_935_YiChip\APP_935_YiChip\APP_934_YiChip\ModuleDemo\YC1171\bt_demo\CM0\Prj\MDK\Objects\tool\" == "" goto getstrlen_last 
D:\project\飞易通\APP_935_YiChip\APP_935_YiChip\APP_934_YiChip\ModuleDemo\YC1171\bt_demo\CM0\Prj\MDK>if not "ct\飞易通\APP_935_YiChip\APP_935_YiChip\APP_934_YiChip\ModuleDemo\YC1171\bt_demo\CM0\Prj\MDK\Objects\tool\" == "" (
set /a num+=1   
 set "str=t\飞易通\APP_935_YiChip\APP_935_YiChip\APP_934_YiChip\ModuleDemo\YC1171\bt_demo\CM0\Prj\MDK\Objects\tool\"  
 goto getstrlen_next 
) 
D:\project\飞易通\APP_935_YiChip\APP_935_YiChip\APP_934_YiChip\ModuleDemo\YC1171\bt_demo\CM0\Prj\MDK>if "t\飞易通\APP_935_YiChip\APP_935_YiChip\APP_934_YiChip\ModuleDemo\YC1171\bt_demo\CM0\Prj\MDK\Objects\tool\" == "" goto getstrlen_last 
D:\project\飞易通\APP_935_YiChip\APP_935_YiChip\APP_934_YiChip\ModuleDemo\YC1171\bt_demo\CM0\Prj\MDK>if not "t\飞易通\APP_935_YiChip\APP_935_YiChip\APP_934_YiChip\ModuleDemo\YC1171\bt_demo\CM0\Prj\MDK\Objects\tool\" == "" (
set /a num+=1   
 set "str=\飞易通\APP_935_YiChip\APP_935_YiChip\APP_934_YiChip\ModuleDemo\YC1171\bt_demo\CM0\Prj\MDK\Objects\tool\"  
 goto getstrlen_next 
) 
D:\project\飞易通\APP_935_YiChip\APP_935_YiChip\APP_934_YiChip\ModuleDemo\YC1171\bt_demo\CM0\Prj\MDK>if "\飞易通\APP_935_YiChip\APP_935_YiChip\APP_934_YiChip\ModuleDemo\YC1171\bt_demo\CM0\Prj\MDK\Objects\tool\" == "" goto getstrlen_last 
D:\project\飞易通\APP_935_YiChip\APP_935_YiChip\APP_934_YiChip\ModuleDemo\YC1171\bt_demo\CM0\Prj\MDK>if not "\飞易通\APP_935_YiChip\APP_935_YiChip\APP_934_YiChip\ModuleDemo\YC1171\bt_demo\CM0\Prj\MDK\Objects\tool\" == "" (
set /a num+=1   
 set "str=飞易通\APP_935_YiChip\APP_935_YiChip\APP_934_YiChip\ModuleDemo\YC1171\bt_demo\CM0\Prj\MDK\Objects\tool\"  
 goto getstrlen_next 
) 
D:\project\飞易通\APP_935_YiChip\APP_935_YiChip\APP_934_YiChip\ModuleDemo\YC1171\bt_demo\CM0\Prj\MDK>if "飞易通\APP_935_YiChip\APP_935_YiChip\APP_934_YiChip\ModuleDemo\YC1171\bt_demo\CM0\Prj\MDK\Objects\tool\" == "" goto getstrlen_last 
D:\project\飞易通\APP_935_YiChip\APP_935_YiChip\APP_934_YiChip\ModuleDemo\YC1171\bt_demo\CM0\Prj\MDK>if not "飞易通\APP_935_YiChip\APP_935_YiChip\APP_934_YiChip\ModuleDemo\YC1171\bt_demo\CM0\Prj\MDK\Objects\tool\" == "" (
set /a num+=1   
 set "str=易通\APP_935_YiChip\APP_935_YiChip\APP_934_YiChip\ModuleDemo\YC1171\bt_demo\CM0\Prj\MDK\Objects\tool\"  
 goto getstrlen_next 
) 
D:\project\飞易通\APP_935_YiChip\APP_935_YiChip\APP_934_YiChip\ModuleDemo\YC1171\bt_demo\CM0\Prj\MDK>if "易通\APP_935_YiChip\APP_935_YiChip\APP_934_YiChip\ModuleDemo\YC1171\bt_demo\CM0\Prj\MDK\Objects\tool\" == "" goto getstrlen_last 
D:\project\飞易通\APP_935_YiChip\APP_935_YiChip\APP_934_YiChip\ModuleDemo\YC1171\bt_demo\CM0\Prj\MDK>if not "易通\APP_935_YiChip\APP_935_YiChip\APP_934_YiChip\ModuleDemo\YC1171\bt_demo\CM0\Prj\MDK\Objects\tool\" == "" (
set /a num+=1   
 set "str=通\APP_935_YiChip\APP_935_YiChip\APP_934_YiChip\ModuleDemo\YC1171\bt_demo\CM0\Prj\MDK\Objects\tool\"  
 goto getstrlen_next 
) 
D:\project\飞易通\APP_935_YiChip\APP_935_YiChip\APP_934_YiChip\ModuleDemo\YC1171\bt_demo\CM0\Prj\MDK>if "通\APP_935_YiChip\APP_935_YiChip\APP_934_YiChip\ModuleDemo\YC1171\bt_demo\CM0\Prj\MDK\Objects\tool\" == "" goto getstrlen_last 
D:\project\飞易通\APP_935_YiChip\APP_935_YiChip\APP_934_YiChip\ModuleDemo\YC1171\bt_demo\CM0\Prj\MDK>if not "通\APP_935_YiChip\APP_935_YiChip\APP_934_YiChip\ModuleDemo\YC1171\bt_demo\CM0\Prj\MDK\Objects\tool\" == "" (
set /a num+=1   
 set "str=\APP_935_YiChip\APP_935_YiChip\APP_934_YiChip\ModuleDemo\YC1171\bt_demo\CM0\Prj\MDK\Objects\tool\"  
 goto getstrlen_next 
) 
D:\project\飞易通\APP_935_YiChip\APP_935_YiChip\APP_934_YiChip\ModuleDemo\YC1171\bt_demo\CM0\Prj\MDK>if "\APP_935_YiChip\APP_935_YiChip\APP_934_YiChip\ModuleDemo\YC1171\bt_demo\CM0\Prj\MDK\Objects\tool\" == "" goto getstrlen_last 
D:\project\飞易通\APP_935_YiChip\APP_935_YiChip\APP_934_YiChip\ModuleDemo\YC1171\bt_demo\CM0\Prj\MDK>if not "\APP_935_YiChip\APP_935_YiChip\APP_934_YiChip\ModuleDemo\YC1171\bt_demo\CM0\Prj\MDK\Objects\tool\" == "" (
set /a num+=1   
 set "str=APP_935_YiChip\APP_935_YiChip\APP_934_YiChip\ModuleDemo\YC1171\bt_demo\CM0\Prj\MDK\Objects\tool\"  
 goto getstrlen_next 
) 
D:\project\飞易通\APP_935_YiChip\APP_935_YiChip\APP_934_YiChip\ModuleDemo\YC1171\bt_demo\CM0\Prj\MDK>if "APP_935_YiChip\APP_935_YiChip\APP_934_YiChip\ModuleDemo\YC1171\bt_demo\CM0\Prj\MDK\Objects\tool\" == "" goto getstrlen_last 
D:\project\飞易通\APP_935_YiChip\APP_935_YiChip\APP_934_YiChip\ModuleDemo\YC1171\bt_demo\CM0\Prj\MDK>if not "APP_935_YiChip\APP_935_YiChip\APP_934_YiChip\ModuleDemo\YC1171\bt_demo\CM0\Prj\MDK\Objects\tool\" == "" (
set /a num+=1   
 set "str=PP_935_YiChip\APP_935_YiChip\APP_934_YiChip\ModuleDemo\YC1171\bt_demo\CM0\Prj\MDK\Objects\tool\"  
 goto getstrlen_next 
) 
D:\project\飞易通\APP_935_YiChip\APP_935_YiChip\APP_934_YiChip\ModuleDemo\YC1171\bt_demo\CM0\Prj\MDK>if "PP_935_YiChip\APP_935_YiChip\APP_934_YiChip\ModuleDemo\YC1171\bt_demo\CM0\Prj\MDK\Objects\tool\" == "" goto getstrlen_last 
D:\project\飞易通\APP_935_YiChip\APP_935_YiChip\APP_934_YiChip\ModuleDemo\YC1171\bt_demo\CM0\Prj\MDK>if not "PP_935_YiChip\APP_935_YiChip\APP_934_YiChip\ModuleDemo\YC1171\bt_demo\CM0\Prj\MDK\Objects\tool\" == "" (
set /a num+=1   
 set "str=P_935_YiChip\APP_935_YiChip\APP_934_YiChip\ModuleDemo\YC1171\bt_demo\CM0\Prj\MDK\Objects\tool\"  
 goto getstrlen_next 
) 
D:\project\飞易通\APP_935_YiChip\APP_935_YiChip\APP_934_YiChip\ModuleDemo\YC1171\bt_demo\CM0\Prj\MDK>if "P_935_YiChip\APP_935_YiChip\APP_934_YiChip\ModuleDemo\YC1171\bt_demo\CM0\Prj\MDK\Objects\tool\" == "" goto getstrlen_last 
D:\project\飞易通\APP_935_YiChip\APP_935_YiChip\APP_934_YiChip\ModuleDemo\YC1171\bt_demo\CM0\Prj\MDK>if not "P_935_YiChip\APP_935_YiChip\APP_934_YiChip\ModuleDemo\YC1171\bt_demo\CM0\Prj\MDK\Objects\tool\" == "" (
set /a num+=1   
 set "str=_935_YiChip\APP_935_YiChip\APP_934_YiChip\ModuleDemo\YC1171\bt_demo\CM0\Prj\MDK\Objects\tool\"  
 goto getstrlen_next 
) 
D:\project\飞易通\APP_935_YiChip\APP_935_YiChip\APP_934_YiChip\ModuleDemo\YC1171\bt_demo\CM0\Prj\MDK>if "_935_YiChip\APP_935_YiChip\APP_934_YiChip\ModuleDemo\YC1171\bt_demo\CM0\Prj\MDK\Objects\tool\" == "" goto getstrlen_last 
D:\project\飞易通\APP_935_YiChip\APP_935_YiChip\APP_934_YiChip\ModuleDemo\YC1171\bt_demo\CM0\Prj\MDK>if not "_935_YiChip\APP_935_YiChip\APP_934_YiChip\ModuleDemo\YC1171\bt_demo\CM0\Prj\MDK\Objects\tool\" == "" (
set /a num+=1   
 set "str=935_YiChip\APP_935_YiChip\APP_934_YiChip\ModuleDemo\YC1171\bt_demo\CM0\Prj\MDK\Objects\tool\"  
 goto getstrlen_next 
) 
D:\project\飞易通\APP_935_YiChip\APP_935_YiChip\APP_934_YiChip\ModuleDemo\YC1171\bt_demo\CM0\Prj\MDK>if "935_YiChip\APP_935_YiChip\APP_934_YiChip\ModuleDemo\YC1171\bt_demo\CM0\Prj\MDK\Objects\tool\" == "" goto getstrlen_last 
D:\project\飞易通\APP_935_YiChip\APP_935_YiChip\APP_934_YiChip\ModuleDemo\YC1171\bt_demo\CM0\Prj\MDK>if not "935_YiChip\APP_935_YiChip\APP_934_YiChip\ModuleDemo\YC1171\bt_demo\CM0\Prj\MDK\Objects\tool\" == "" (
set /a num+=1   
 set "str=35_YiChip\APP_935_YiChip\APP_934_YiChip\ModuleDemo\YC1171\bt_demo\CM0\Prj\MDK\Objects\tool\"  
 goto getstrlen_next 
) 
D:\project\飞易通\APP_935_YiChip\APP_935_YiChip\APP_934_YiChip\ModuleDemo\YC1171\bt_demo\CM0\Prj\MDK>if "35_YiChip\APP_935_YiChip\APP_934_YiChip\ModuleDemo\YC1171\bt_demo\CM0\Prj\MDK\Objects\tool\" == "" goto getstrlen_last 
D:\project\飞易通\APP_935_YiChip\APP_935_YiChip\APP_934_YiChip\ModuleDemo\YC1171\bt_demo\CM0\Prj\MDK>if not "35_YiChip\APP_935_YiChip\APP_934_YiChip\ModuleDemo\YC1171\bt_demo\CM0\Prj\MDK\Objects\tool\" == "" (
set /a num+=1   
 set "str=5_YiChip\APP_935_YiChip\APP_934_YiChip\ModuleDemo\YC1171\bt_demo\CM0\Prj\MDK\Objects\tool\"  
 goto getstrlen_next 
) 
D:\project\飞易通\APP_935_YiChip\APP_935_YiChip\APP_934_YiChip\ModuleDemo\YC1171\bt_demo\CM0\Prj\MDK>if "5_YiChip\APP_935_YiChip\APP_934_YiChip\ModuleDemo\YC1171\bt_demo\CM0\Prj\MDK\Objects\tool\" == "" goto getstrlen_last 
D:\project\飞易通\APP_935_YiChip\APP_935_YiChip\APP_934_YiChip\ModuleDemo\YC1171\bt_demo\CM0\Prj\MDK>if not "5_YiChip\APP_935_YiChip\APP_934_YiChip\ModuleDemo\YC1171\bt_demo\CM0\Prj\MDK\Objects\tool\" == "" (
set /a num+=1   
 set "str=_YiChip\APP_935_YiChip\APP_934_YiChip\ModuleDemo\YC1171\bt_demo\CM0\Prj\MDK\Objects\tool\"  
 goto getstrlen_next 
) 
D:\project\飞易通\APP_935_YiChip\APP_935_YiChip\APP_934_YiChip\ModuleDemo\YC1171\bt_demo\CM0\Prj\MDK>if "_YiChip\APP_935_YiChip\APP_934_YiChip\ModuleDemo\YC1171\bt_demo\CM0\Prj\MDK\Objects\tool\" == "" goto getstrlen_last 
D:\project\飞易通\APP_935_YiChip\APP_935_YiChip\APP_934_YiChip\ModuleDemo\YC1171\bt_demo\CM0\Prj\MDK>if not "_YiChip\APP_935_YiChip\APP_934_YiChip\ModuleDemo\YC1171\bt_demo\CM0\Prj\MDK\Objects\tool\" == "" (
set /a num+=1   
 set "str=YiChip\APP_935_YiChip\APP_934_YiChip\ModuleDemo\YC1171\bt_demo\CM0\Prj\MDK\Objects\tool\"  
 goto getstrlen_next 
) 
D:\project\飞易通\APP_935_YiChip\APP_935_YiChip\APP_934_YiChip\ModuleDemo\YC1171\bt_demo\CM0\Prj\MDK>if "YiChip\APP_935_YiChip\APP_934_YiChip\ModuleDemo\YC1171\bt_demo\CM0\Prj\MDK\Objects\tool\" == "" goto getstrlen_last 
D:\project\飞易通\APP_935_YiChip\APP_935_YiChip\APP_934_YiChip\ModuleDemo\YC1171\bt_demo\CM0\Prj\MDK>if not "YiChip\APP_935_YiChip\APP_934_YiChip\ModuleDemo\YC1171\bt_demo\CM0\Prj\MDK\Objects\tool\" == "" (
set /a num+=1   
 set "str=iChip\APP_935_YiChip\APP_934_YiChip\ModuleDemo\YC1171\bt_demo\CM0\Prj\MDK\Objects\tool\"  
 goto getstrlen_next 
) 
D:\project\飞易通\APP_935_YiChip\APP_935_YiChip\APP_934_YiChip\ModuleDemo\YC1171\bt_demo\CM0\Prj\MDK>if "iChip\APP_935_YiChip\APP_934_YiChip\ModuleDemo\YC1171\bt_demo\CM0\Prj\MDK\Objects\tool\" == "" goto getstrlen_last 
D:\project\飞易通\APP_935_YiChip\APP_935_YiChip\APP_934_YiChip\ModuleDemo\YC1171\bt_demo\CM0\Prj\MDK>if not "iChip\APP_935_YiChip\APP_934_YiChip\ModuleDemo\YC1171\bt_demo\CM0\Prj\MDK\Objects\tool\" == "" (
set /a num+=1   
 set "str=Chip\APP_935_YiChip\APP_934_YiChip\ModuleDemo\YC1171\bt_demo\CM0\Prj\MDK\Objects\tool\"  
 goto getstrlen_next 
) 
D:\project\飞易通\APP_935_YiChip\APP_935_YiChip\APP_934_YiChip\ModuleDemo\YC1171\bt_demo\CM0\Prj\MDK>if "Chip\APP_935_YiChip\APP_934_YiChip\ModuleDemo\YC1171\bt_demo\CM0\Prj\MDK\Objects\tool\" == "" goto getstrlen_last 
D:\project\飞易通\APP_935_YiChip\APP_935_YiChip\APP_934_YiChip\ModuleDemo\YC1171\bt_demo\CM0\Prj\MDK>if not "Chip\APP_935_YiChip\APP_934_YiChip\ModuleDemo\YC1171\bt_demo\CM0\Prj\MDK\Objects\tool\" == "" (
set /a num+=1   
 set "str=hip\APP_935_YiChip\APP_934_YiChip\ModuleDemo\YC1171\bt_demo\CM0\Prj\MDK\Objects\tool\"  
 goto getstrlen_next 
) 
D:\project\飞易通\APP_935_YiChip\APP_935_YiChip\APP_934_YiChip\ModuleDemo\YC1171\bt_demo\CM0\Prj\MDK>if "hip\APP_935_YiChip\APP_934_YiChip\ModuleDemo\YC1171\bt_demo\CM0\Prj\MDK\Objects\tool\" == "" goto getstrlen_last 
D:\project\飞易通\APP_935_YiChip\APP_935_YiChip\APP_934_YiChip\ModuleDemo\YC1171\bt_demo\CM0\Prj\MDK>if not "hip\APP_935_YiChip\APP_934_YiChip\ModuleDemo\YC1171\bt_demo\CM0\Prj\MDK\Objects\tool\" == "" (
set /a num+=1   
 set "str=ip\APP_935_YiChip\APP_934_YiChip\ModuleDemo\YC1171\bt_demo\CM0\Prj\MDK\Objects\tool\"  
 goto getstrlen_next 
) 
D:\project\飞易通\APP_935_YiChip\APP_935_YiChip\APP_934_YiChip\ModuleDemo\YC1171\bt_demo\CM0\Prj\MDK>if "ip\APP_935_YiChip\APP_934_YiChip\ModuleDemo\YC1171\bt_demo\CM0\Prj\MDK\Objects\tool\" == "" goto getstrlen_last 
D:\project\飞易通\APP_935_YiChip\APP_935_YiChip\APP_934_YiChip\ModuleDemo\YC1171\bt_demo\CM0\Prj\MDK>if not "ip\APP_935_YiChip\APP_934_YiChip\ModuleDemo\YC1171\bt_demo\CM0\Prj\MDK\Objects\tool\" == "" (
set /a num+=1   
 set "str=p\APP_935_YiChip\APP_934_YiChip\ModuleDemo\YC1171\bt_demo\CM0\Prj\MDK\Objects\tool\"  
 goto getstrlen_next 
) 
D:\project\飞易通\APP_935_YiChip\APP_935_YiChip\APP_934_YiChip\ModuleDemo\YC1171\bt_demo\CM0\Prj\MDK>if "p\APP_935_YiChip\APP_934_YiChip\ModuleDemo\YC1171\bt_demo\CM0\Prj\MDK\Objects\tool\" == "" goto getstrlen_last 
D:\project\飞易通\APP_935_YiChip\APP_935_YiChip\APP_934_YiChip\ModuleDemo\YC1171\bt_demo\CM0\Prj\MDK>if not "p\APP_935_YiChip\APP_934_YiChip\ModuleDemo\YC1171\bt_demo\CM0\Prj\MDK\Objects\tool\" == "" (
set /a num+=1   
 set "str=\APP_935_YiChip\APP_934_YiChip\ModuleDemo\YC1171\bt_demo\CM0\Prj\MDK\Objects\tool\"  
 goto getstrlen_next 
) 
D:\project\飞易通\APP_935_YiChip\APP_935_YiChip\APP_934_YiChip\ModuleDemo\YC1171\bt_demo\CM0\Prj\MDK>if "\APP_935_YiChip\APP_934_YiChip\ModuleDemo\YC1171\bt_demo\CM0\Prj\MDK\Objects\tool\" == "" goto getstrlen_last 
D:\project\飞易通\APP_935_YiChip\APP_935_YiChip\APP_934_YiChip\ModuleDemo\YC1171\bt_demo\CM0\Prj\MDK>if not "\APP_935_YiChip\APP_934_YiChip\ModuleDemo\YC1171\bt_demo\CM0\Prj\MDK\Objects\tool\" == "" (
set /a num+=1   
 set "str=APP_935_YiChip\APP_934_YiChip\ModuleDemo\YC1171\bt_demo\CM0\Prj\MDK\Objects\tool\"  
 goto getstrlen_next 
) 
D:\project\飞易通\APP_935_YiChip\APP_935_YiChip\APP_934_YiChip\ModuleDemo\YC1171\bt_demo\CM0\Prj\MDK>if "APP_935_YiChip\APP_934_YiChip\ModuleDemo\YC1171\bt_demo\CM0\Prj\MDK\Objects\tool\" == "" goto getstrlen_last 
D:\project\飞易通\APP_935_YiChip\APP_935_YiChip\APP_934_YiChip\ModuleDemo\YC1171\bt_demo\CM0\Prj\MDK>if not "APP_935_YiChip\APP_934_YiChip\ModuleDemo\YC1171\bt_demo\CM0\Prj\MDK\Objects\tool\" == "" (
set /a num+=1   
 set "str=PP_935_YiChip\APP_934_YiChip\ModuleDemo\YC1171\bt_demo\CM0\Prj\MDK\Objects\tool\"  
 goto getstrlen_next 
) 
D:\project\飞易通\APP_935_YiChip\APP_935_YiChip\APP_934_YiChip\ModuleDemo\YC1171\bt_demo\CM0\Prj\MDK>if "PP_935_YiChip\APP_934_YiChip\ModuleDemo\YC1171\bt_demo\CM0\Prj\MDK\Objects\tool\" == "" goto getstrlen_last 
D:\project\飞易通\APP_935_YiChip\APP_935_YiChip\APP_934_YiChip\ModuleDemo\YC1171\bt_demo\CM0\Prj\MDK>if not "PP_935_YiChip\APP_934_YiChip\ModuleDemo\YC1171\bt_demo\CM0\Prj\MDK\Objects\tool\" == "" (
set /a num+=1   
 set "str=P_935_YiChip\APP_934_YiChip\ModuleDemo\YC1171\bt_demo\CM0\Prj\MDK\Objects\tool\"  
 goto getstrlen_next 
) 
D:\project\飞易通\APP_935_YiChip\APP_935_YiChip\APP_934_YiChip\ModuleDemo\YC1171\bt_demo\CM0\Prj\MDK>if "P_935_YiChip\APP_934_YiChip\ModuleDemo\YC1171\bt_demo\CM0\Prj\MDK\Objects\tool\" == "" goto getstrlen_last 
D:\project\飞易通\APP_935_YiChip\APP_935_YiChip\APP_934_YiChip\ModuleDemo\YC1171\bt_demo\CM0\Prj\MDK>if not "P_935_YiChip\APP_934_YiChip\ModuleDemo\YC1171\bt_demo\CM0\Prj\MDK\Objects\tool\" == "" (
set /a num+=1   
 set "str=_935_YiChip\APP_934_YiChip\ModuleDemo\YC1171\bt_demo\CM0\Prj\MDK\Objects\tool\"  
 goto getstrlen_next 
) 
D:\project\飞易通\APP_935_YiChip\APP_935_YiChip\APP_934_YiChip\ModuleDemo\YC1171\bt_demo\CM0\Prj\MDK>if "_935_YiChip\APP_934_YiChip\ModuleDemo\YC1171\bt_demo\CM0\Prj\MDK\Objects\tool\" == "" goto getstrlen_last 
D:\project\飞易通\APP_935_YiChip\APP_935_YiChip\APP_934_YiChip\ModuleDemo\YC1171\bt_demo\CM0\Prj\MDK>if not "_935_YiChip\APP_934_YiChip\ModuleDemo\YC1171\bt_demo\CM0\Prj\MDK\Objects\tool\" == "" (
set /a num+=1   
 set "str=935_YiChip\APP_934_YiChip\ModuleDemo\YC1171\bt_demo\CM0\Prj\MDK\Objects\tool\"  
 goto getstrlen_next 
) 
D:\project\飞易通\APP_935_YiChip\APP_935_YiChip\APP_934_YiChip\ModuleDemo\YC1171\bt_demo\CM0\Prj\MDK>if "935_YiChip\APP_934_YiChip\ModuleDemo\YC1171\bt_demo\CM0\Prj\MDK\Objects\tool\" == "" goto getstrlen_last 
D:\project\飞易通\APP_935_YiChip\APP_935_YiChip\APP_934_YiChip\ModuleDemo\YC1171\bt_demo\CM0\Prj\MDK>if not "935_YiChip\APP_934_YiChip\ModuleDemo\YC1171\bt_demo\CM0\Prj\MDK\Objects\tool\" == "" (
set /a num+=1   
 set "str=35_YiChip\APP_934_YiChip\ModuleDemo\YC1171\bt_demo\CM0\Prj\MDK\Objects\tool\"  
 goto getstrlen_next 
) 
D:\project\飞易通\APP_935_YiChip\APP_935_YiChip\APP_934_YiChip\ModuleDemo\YC1171\bt_demo\CM0\Prj\MDK>if "35_YiChip\APP_934_YiChip\ModuleDemo\YC1171\bt_demo\CM0\Prj\MDK\Objects\tool\" == "" goto getstrlen_last 
D:\project\飞易通\APP_935_YiChip\APP_935_YiChip\APP_934_YiChip\ModuleDemo\YC1171\bt_demo\CM0\Prj\MDK>if not "35_YiChip\APP_934_YiChip\ModuleDemo\YC1171\bt_demo\CM0\Prj\MDK\Objects\tool\" == "" (
set /a num+=1   
 set "str=5_YiChip\APP_934_YiChip\ModuleDemo\YC1171\bt_demo\CM0\Prj\MDK\Objects\tool\"  
 goto getstrlen_next 
) 
D:\project\飞易通\APP_935_YiChip\APP_935_YiChip\APP_934_YiChip\ModuleDemo\YC1171\bt_demo\CM0\Prj\MDK>if "5_YiChip\APP_934_YiChip\ModuleDemo\YC1171\bt_demo\CM0\Prj\MDK\Objects\tool\" == "" goto getstrlen_last 
D:\project\飞易通\APP_935_YiChip\APP_935_YiChip\APP_934_YiChip\ModuleDemo\YC1171\bt_demo\CM0\Prj\MDK>if not "5_YiChip\APP_934_YiChip\ModuleDemo\YC1171\bt_demo\CM0\Prj\MDK\Objects\tool\" == "" (
set /a num+=1   
 set "str=_YiChip\APP_934_YiChip\ModuleDemo\YC1171\bt_demo\CM0\Prj\MDK\Objects\tool\"  
 goto getstrlen_next 
) 
D:\project\飞易通\APP_935_YiChip\APP_935_YiChip\APP_934_YiChip\ModuleDemo\YC1171\bt_demo\CM0\Prj\MDK>if "_YiChip\APP_934_YiChip\ModuleDemo\YC1171\bt_demo\CM0\Prj\MDK\Objects\tool\" == "" goto getstrlen_last 
D:\project\飞易通\APP_935_YiChip\APP_935_YiChip\APP_934_YiChip\ModuleDemo\YC1171\bt_demo\CM0\Prj\MDK>if not "_YiChip\APP_934_YiChip\ModuleDemo\YC1171\bt_demo\CM0\Prj\MDK\Objects\tool\" == "" (
set /a num+=1   
 set "str=YiChip\APP_934_YiChip\ModuleDemo\YC1171\bt_demo\CM0\Prj\MDK\Objects\tool\"  
 goto getstrlen_next 
) 
D:\project\飞易通\APP_935_YiChip\APP_935_YiChip\APP_934_YiChip\ModuleDemo\YC1171\bt_demo\CM0\Prj\MDK>if "YiChip\APP_934_YiChip\ModuleDemo\YC1171\bt_demo\CM0\Prj\MDK\Objects\tool\" == "" goto getstrlen_last 
D:\project\飞易通\APP_935_YiChip\APP_935_YiChip\APP_934_YiChip\ModuleDemo\YC1171\bt_demo\CM0\Prj\MDK>if not "YiChip\APP_934_YiChip\ModuleDemo\YC1171\bt_demo\CM0\Prj\MDK\Objects\tool\" == "" (
set /a num+=1   
 set "str=iChip\APP_934_YiChip\ModuleDemo\YC1171\bt_demo\CM0\Prj\MDK\Objects\tool\"  
 goto getstrlen_next 
) 
D:\project\飞易通\APP_935_YiChip\APP_935_YiChip\APP_934_YiChip\ModuleDemo\YC1171\bt_demo\CM0\Prj\MDK>if "iChip\APP_934_YiChip\ModuleDemo\YC1171\bt_demo\CM0\Prj\MDK\Objects\tool\" == "" goto getstrlen_last 
D:\project\飞易通\APP_935_YiChip\APP_935_YiChip\APP_934_YiChip\ModuleDemo\YC1171\bt_demo\CM0\Prj\MDK>if not "iChip\APP_934_YiChip\ModuleDemo\YC1171\bt_demo\CM0\Prj\MDK\Objects\tool\" == "" (
set /a num+=1   
 set "str=Chip\APP_934_YiChip\ModuleDemo\YC1171\bt_demo\CM0\Prj\MDK\Objects\tool\"  
 goto getstrlen_next 
) 
D:\project\飞易通\APP_935_YiChip\APP_935_YiChip\APP_934_YiChip\ModuleDemo\YC1171\bt_demo\CM0\Prj\MDK>if "Chip\APP_934_YiChip\ModuleDemo\YC1171\bt_demo\CM0\Prj\MDK\Objects\tool\" == "" goto getstrlen_last 
D:\project\飞易通\APP_935_YiChip\APP_935_YiChip\APP_934_YiChip\ModuleDemo\YC1171\bt_demo\CM0\Prj\MDK>if not "Chip\APP_934_YiChip\ModuleDemo\YC1171\bt_demo\CM0\Prj\MDK\Objects\tool\" == "" (
set /a num+=1   
 set "str=hip\APP_934_YiChip\ModuleDemo\YC1171\bt_demo\CM0\Prj\MDK\Objects\tool\"  
 goto getstrlen_next 
) 
D:\project\飞易通\APP_935_YiChip\APP_935_YiChip\APP_934_YiChip\ModuleDemo\YC1171\bt_demo\CM0\Prj\MDK>if "hip\APP_934_YiChip\ModuleDemo\YC1171\bt_demo\CM0\Prj\MDK\Objects\tool\" == "" goto getstrlen_last 
D:\project\飞易通\APP_935_YiChip\APP_935_YiChip\APP_934_YiChip\ModuleDemo\YC1171\bt_demo\CM0\Prj\MDK>if not "hip\APP_934_YiChip\ModuleDemo\YC1171\bt_demo\CM0\Prj\MDK\Objects\tool\" == "" (
set /a num+=1   
 set "str=ip\APP_934_YiChip\ModuleDemo\YC1171\bt_demo\CM0\Prj\MDK\Objects\tool\"  
 goto getstrlen_next 
) 
D:\project\飞易通\APP_935_YiChip\APP_935_YiChip\APP_934_YiChip\ModuleDemo\YC1171\bt_demo\CM0\Prj\MDK>if "ip\APP_934_YiChip\ModuleDemo\YC1171\bt_demo\CM0\Prj\MDK\Objects\tool\" == "" goto getstrlen_last 
D:\project\飞易通\APP_935_YiChip\APP_935_YiChip\APP_934_YiChip\ModuleDemo\YC1171\bt_demo\CM0\Prj\MDK>if not "ip\APP_934_YiChip\ModuleDemo\YC1171\bt_demo\CM0\Prj\MDK\Objects\tool\" == "" (
set /a num+=1   
 set "str=p\APP_934_YiChip\ModuleDemo\YC1171\bt_demo\CM0\Prj\MDK\Objects\tool\"  
 goto getstrlen_next 
) 
D:\project\飞易通\APP_935_YiChip\APP_935_YiChip\APP_934_YiChip\ModuleDemo\YC1171\bt_demo\CM0\Prj\MDK>if "p\APP_934_YiChip\ModuleDemo\YC1171\bt_demo\CM0\Prj\MDK\Objects\tool\" == "" goto getstrlen_last 
D:\project\飞易通\APP_935_YiChip\APP_935_YiChip\APP_934_YiChip\ModuleDemo\YC1171\bt_demo\CM0\Prj\MDK>if not "p\APP_934_YiChip\ModuleDemo\YC1171\bt_demo\CM0\Prj\MDK\Objects\tool\" == "" (
set /a num+=1   
 set "str=\APP_934_YiChip\ModuleDemo\YC1171\bt_demo\CM0\Prj\MDK\Objects\tool\"  
 goto getstrlen_next 
) 
D:\project\飞易通\APP_935_YiChip\APP_935_YiChip\APP_934_YiChip\ModuleDemo\YC1171\bt_demo\CM0\Prj\MDK>if "\APP_934_YiChip\ModuleDemo\YC1171\bt_demo\CM0\Prj\MDK\Objects\tool\" == "" goto getstrlen_last 
D:\project\飞易通\APP_935_YiChip\APP_935_YiChip\APP_934_YiChip\ModuleDemo\YC1171\bt_demo\CM0\Prj\MDK>if not "\APP_934_YiChip\ModuleDemo\YC1171\bt_demo\CM0\Prj\MDK\Objects\tool\" == "" (
set /a num+=1   
 set "str=APP_934_YiChip\ModuleDemo\YC1171\bt_demo\CM0\Prj\MDK\Objects\tool\"  
 goto getstrlen_next 
) 
D:\project\飞易通\APP_935_YiChip\APP_935_YiChip\APP_934_YiChip\ModuleDemo\YC1171\bt_demo\CM0\Prj\MDK>if "APP_934_YiChip\ModuleDemo\YC1171\bt_demo\CM0\Prj\MDK\Objects\tool\" == "" goto getstrlen_last 
D:\project\飞易通\APP_935_YiChip\APP_935_YiChip\APP_934_YiChip\ModuleDemo\YC1171\bt_demo\CM0\Prj\MDK>if not "APP_934_YiChip\ModuleDemo\YC1171\bt_demo\CM0\Prj\MDK\Objects\tool\" == "" (
set /a num+=1   
 set "str=PP_934_YiChip\ModuleDemo\YC1171\bt_demo\CM0\Prj\MDK\Objects\tool\"  
 goto getstrlen_next 
) 
D:\project\飞易通\APP_935_YiChip\APP_935_YiChip\APP_934_YiChip\ModuleDemo\YC1171\bt_demo\CM0\Prj\MDK>if "PP_934_YiChip\ModuleDemo\YC1171\bt_demo\CM0\Prj\MDK\Objects\tool\" == "" goto getstrlen_last 
D:\project\飞易通\APP_935_YiChip\APP_935_YiChip\APP_934_YiChip\ModuleDemo\YC1171\bt_demo\CM0\Prj\MDK>if not "PP_934_YiChip\ModuleDemo\YC1171\bt_demo\CM0\Prj\MDK\Objects\tool\" == "" (
set /a num+=1   
 set "str=P_934_YiChip\ModuleDemo\YC1171\bt_demo\CM0\Prj\MDK\Objects\tool\"  
 goto getstrlen_next 
) 
D:\project\飞易通\APP_935_YiChip\APP_935_YiChip\APP_934_YiChip\ModuleDemo\YC1171\bt_demo\CM0\Prj\MDK>if "P_934_YiChip\ModuleDemo\YC1171\bt_demo\CM0\Prj\MDK\Objects\tool\" == "" goto getstrlen_last 
D:\project\飞易通\APP_935_YiChip\APP_935_YiChip\APP_934_YiChip\ModuleDemo\YC1171\bt_demo\CM0\Prj\MDK>if not "P_934_YiChip\ModuleDemo\YC1171\bt_demo\CM0\Prj\MDK\Objects\tool\" == "" (
set /a num+=1   
 set "str=_934_YiChip\ModuleDemo\YC1171\bt_demo\CM0\Prj\MDK\Objects\tool\"  
 goto getstrlen_next 
) 
D:\project\飞易通\APP_935_YiChip\APP_935_YiChip\APP_934_YiChip\ModuleDemo\YC1171\bt_demo\CM0\Prj\MDK>if "_934_YiChip\ModuleDemo\YC1171\bt_demo\CM0\Prj\MDK\Objects\tool\" == "" goto getstrlen_last 
D:\project\飞易通\APP_935_YiChip\APP_935_YiChip\APP_934_YiChip\ModuleDemo\YC1171\bt_demo\CM0\Prj\MDK>if not "_934_YiChip\ModuleDemo\YC1171\bt_demo\CM0\Prj\MDK\Objects\tool\" == "" (
set /a num+=1   
 set "str=934_YiChip\ModuleDemo\YC1171\bt_demo\CM0\Prj\MDK\Objects\tool\"  
 goto getstrlen_next 
) 
D:\project\飞易通\APP_935_YiChip\APP_935_YiChip\APP_934_YiChip\ModuleDemo\YC1171\bt_demo\CM0\Prj\MDK>if "934_YiChip\ModuleDemo\YC1171\bt_demo\CM0\Prj\MDK\Objects\tool\" == "" goto getstrlen_last 
D:\project\飞易通\APP_935_YiChip\APP_935_YiChip\APP_934_YiChip\ModuleDemo\YC1171\bt_demo\CM0\Prj\MDK>if not "934_YiChip\ModuleDemo\YC1171\bt_demo\CM0\Prj\MDK\Objects\tool\" == "" (
set /a num+=1   
 set "str=34_YiChip\ModuleDemo\YC1171\bt_demo\CM0\Prj\MDK\Objects\tool\"  
 goto getstrlen_next 
) 
D:\project\飞易通\APP_935_YiChip\APP_935_YiChip\APP_934_YiChip\ModuleDemo\YC1171\bt_demo\CM0\Prj\MDK>if "34_YiChip\ModuleDemo\YC1171\bt_demo\CM0\Prj\MDK\Objects\tool\" == "" goto getstrlen_last 
D:\project\飞易通\APP_935_YiChip\APP_935_YiChip\APP_934_YiChip\ModuleDemo\YC1171\bt_demo\CM0\Prj\MDK>if not "34_YiChip\ModuleDemo\YC1171\bt_demo\CM0\Prj\MDK\Objects\tool\" == "" (
set /a num+=1   
 set "str=4_YiChip\ModuleDemo\YC1171\bt_demo\CM0\Prj\MDK\Objects\tool\"  
 goto getstrlen_next 
) 
D:\project\飞易通\APP_935_YiChip\APP_935_YiChip\APP_934_YiChip\ModuleDemo\YC1171\bt_demo\CM0\Prj\MDK>if "4_YiChip\ModuleDemo\YC1171\bt_demo\CM0\Prj\MDK\Objects\tool\" == "" goto getstrlen_last 
D:\project\飞易通\APP_935_YiChip\APP_935_YiChip\APP_934_YiChip\ModuleDemo\YC1171\bt_demo\CM0\Prj\MDK>if not "4_YiChip\ModuleDemo\YC1171\bt_demo\CM0\Prj\MDK\Objects\tool\" == "" (
set /a num+=1   
 set "str=_YiChip\ModuleDemo\YC1171\bt_demo\CM0\Prj\MDK\Objects\tool\"  
 goto getstrlen_next 
) 
D:\project\飞易通\APP_935_YiChip\APP_935_YiChip\APP_934_YiChip\ModuleDemo\YC1171\bt_demo\CM0\Prj\MDK>if "_YiChip\ModuleDemo\YC1171\bt_demo\CM0\Prj\MDK\Objects\tool\" == "" goto getstrlen_last 
D:\project\飞易通\APP_935_YiChip\APP_935_YiChip\APP_934_YiChip\ModuleDemo\YC1171\bt_demo\CM0\Prj\MDK>if not "_YiChip\ModuleDemo\YC1171\bt_demo\CM0\Prj\MDK\Objects\tool\" == "" (
set /a num+=1   
 set "str=YiChip\ModuleDemo\YC1171\bt_demo\CM0\Prj\MDK\Objects\tool\"  
 goto getstrlen_next 
) 
D:\project\飞易通\APP_935_YiChip\APP_935_YiChip\APP_934_YiChip\ModuleDemo\YC1171\bt_demo\CM0\Prj\MDK>if "YiChip\ModuleDemo\YC1171\bt_demo\CM0\Prj\MDK\Objects\tool\" == "" goto getstrlen_last 
D:\project\飞易通\APP_935_YiChip\APP_935_YiChip\APP_934_YiChip\ModuleDemo\YC1171\bt_demo\CM0\Prj\MDK>if not "YiChip\ModuleDemo\YC1171\bt_demo\CM0\Prj\MDK\Objects\tool\" == "" (
set /a num+=1   
 set "str=iChip\ModuleDemo\YC1171\bt_demo\CM0\Prj\MDK\Objects\tool\"  
 goto getstrlen_next 
) 
D:\project\飞易通\APP_935_YiChip\APP_935_YiChip\APP_934_YiChip\ModuleDemo\YC1171\bt_demo\CM0\Prj\MDK>if "iChip\ModuleDemo\YC1171\bt_demo\CM0\Prj\MDK\Objects\tool\" == "" goto getstrlen_last 
D:\project\飞易通\APP_935_YiChip\APP_935_YiChip\APP_934_YiChip\ModuleDemo\YC1171\bt_demo\CM0\Prj\MDK>if not "iChip\ModuleDemo\YC1171\bt_demo\CM0\Prj\MDK\Objects\tool\" == "" (
set /a num+=1   
 set "str=Chip\ModuleDemo\YC1171\bt_demo\CM0\Prj\MDK\Objects\tool\"  
 goto getstrlen_next 
) 
D:\project\飞易通\APP_935_YiChip\APP_935_YiChip\APP_934_YiChip\ModuleDemo\YC1171\bt_demo\CM0\Prj\MDK>if "Chip\ModuleDemo\YC1171\bt_demo\CM0\Prj\MDK\Objects\tool\" == "" goto getstrlen_last 
D:\project\飞易通\APP_935_YiChip\APP_935_YiChip\APP_934_YiChip\ModuleDemo\YC1171\bt_demo\CM0\Prj\MDK>if not "Chip\ModuleDemo\YC1171\bt_demo\CM0\Prj\MDK\Objects\tool\" == "" (
set /a num+=1   
 set "str=hip\ModuleDemo\YC1171\bt_demo\CM0\Prj\MDK\Objects\tool\"  
 goto getstrlen_next 
) 
D:\project\飞易通\APP_935_YiChip\APP_935_YiChip\APP_934_YiChip\ModuleDemo\YC1171\bt_demo\CM0\Prj\MDK>if "hip\ModuleDemo\YC1171\bt_demo\CM0\Prj\MDK\Objects\tool\" == "" goto getstrlen_last 
D:\project\飞易通\APP_935_YiChip\APP_935_YiChip\APP_934_YiChip\ModuleDemo\YC1171\bt_demo\CM0\Prj\MDK>if not "hip\ModuleDemo\YC1171\bt_demo\CM0\Prj\MDK\Objects\tool\" == "" (
set /a num+=1   
 set "str=ip\ModuleDemo\YC1171\bt_demo\CM0\Prj\MDK\Objects\tool\"  
 goto getstrlen_next 
) 
D:\project\飞易通\APP_935_YiChip\APP_935_YiChip\APP_934_YiChip\ModuleDemo\YC1171\bt_demo\CM0\Prj\MDK>if "ip\ModuleDemo\YC1171\bt_demo\CM0\Prj\MDK\Objects\tool\" == "" goto getstrlen_last 
D:\project\飞易通\APP_935_YiChip\APP_935_YiChip\APP_934_YiChip\ModuleDemo\YC1171\bt_demo\CM0\Prj\MDK>if not "ip\ModuleDemo\YC1171\bt_demo\CM0\Prj\MDK\Objects\tool\" == "" (
set /a num+=1   
 set "str=p\ModuleDemo\YC1171\bt_demo\CM0\Prj\MDK\Objects\tool\"  
 goto getstrlen_next 
) 
D:\project\飞易通\APP_935_YiChip\APP_935_YiChip\APP_934_YiChip\ModuleDemo\YC1171\bt_demo\CM0\Prj\MDK>if "p\ModuleDemo\YC1171\bt_demo\CM0\Prj\MDK\Objects\tool\" == "" goto getstrlen_last 
D:\project\飞易通\APP_935_YiChip\APP_935_YiChip\APP_934_YiChip\ModuleDemo\YC1171\bt_demo\CM0\Prj\MDK>if not "p\ModuleDemo\YC1171\bt_demo\CM0\Prj\MDK\Objects\tool\" == "" (
set /a num+=1   
 set "str=\ModuleDemo\YC1171\bt_demo\CM0\Prj\MDK\Objects\tool\"  
 goto getstrlen_next 
) 
D:\project\飞易通\APP_935_YiChip\APP_935_YiChip\APP_934_YiChip\ModuleDemo\YC1171\bt_demo\CM0\Prj\MDK>if "\ModuleDemo\YC1171\bt_demo\CM0\Prj\MDK\Objects\tool\" == "" goto getstrlen_last 
D:\project\飞易通\APP_935_YiChip\APP_935_YiChip\APP_934_YiChip\ModuleDemo\YC1171\bt_demo\CM0\Prj\MDK>if not "\ModuleDemo\YC1171\bt_demo\CM0\Prj\MDK\Objects\tool\" == "" (
set /a num+=1   
 set "str=ModuleDemo\YC1171\bt_demo\CM0\Prj\MDK\Objects\tool\"  
 goto getstrlen_next 
) 
D:\project\飞易通\APP_935_YiChip\APP_935_YiChip\APP_934_YiChip\ModuleDemo\YC1171\bt_demo\CM0\Prj\MDK>if "ModuleDemo\YC1171\bt_demo\CM0\Prj\MDK\Objects\tool\" == "" goto getstrlen_last 
D:\project\飞易通\APP_935_YiChip\APP_935_YiChip\APP_934_YiChip\ModuleDemo\YC1171\bt_demo\CM0\Prj\MDK>if not "ModuleDemo\YC1171\bt_demo\CM0\Prj\MDK\Objects\tool\" == "" (
set /a num+=1   
 set "str=oduleDemo\YC1171\bt_demo\CM0\Prj\MDK\Objects\tool\"  
 goto getstrlen_next 
) 
D:\project\飞易通\APP_935_YiChip\APP_935_YiChip\APP_934_YiChip\ModuleDemo\YC1171\bt_demo\CM0\Prj\MDK>if "oduleDemo\YC1171\bt_demo\CM0\Prj\MDK\Objects\tool\" == "" goto getstrlen_last 
D:\project\飞易通\APP_935_YiChip\APP_935_YiChip\APP_934_YiChip\ModuleDemo\YC1171\bt_demo\CM0\Prj\MDK>if not "oduleDemo\YC1171\bt_demo\CM0\Prj\MDK\Objects\tool\" == "" (
set /a num+=1   
 set "str=duleDemo\YC1171\bt_demo\CM0\Prj\MDK\Objects\tool\"  
 goto getstrlen_next 
) 
D:\project\飞易通\APP_935_YiChip\APP_935_YiChip\APP_934_YiChip\ModuleDemo\YC1171\bt_demo\CM0\Prj\MDK>if "duleDemo\YC1171\bt_demo\CM0\Prj\MDK\Objects\tool\" == "" goto getstrlen_last 
D:\project\飞易通\APP_935_YiChip\APP_935_YiChip\APP_934_YiChip\ModuleDemo\YC1171\bt_demo\CM0\Prj\MDK>if not "duleDemo\YC1171\bt_demo\CM0\Prj\MDK\Objects\tool\" == "" (
set /a num+=1   
 set "str=uleDemo\YC1171\bt_demo\CM0\Prj\MDK\Objects\tool\"  
 goto getstrlen_next 
) 
D:\project\飞易通\APP_935_YiChip\APP_935_YiChip\APP_934_YiChip\ModuleDemo\YC1171\bt_demo\CM0\Prj\MDK>if "uleDemo\YC1171\bt_demo\CM0\Prj\MDK\Objects\tool\" == "" goto getstrlen_last 
D:\project\飞易通\APP_935_YiChip\APP_935_YiChip\APP_934_YiChip\ModuleDemo\YC1171\bt_demo\CM0\Prj\MDK>if not "uleDemo\YC1171\bt_demo\CM0\Prj\MDK\Objects\tool\" == "" (
set /a num+=1   
 set "str=leDemo\YC1171\bt_demo\CM0\Prj\MDK\Objects\tool\"  
 goto getstrlen_next 
) 
D:\project\飞易通\APP_935_YiChip\APP_935_YiChip\APP_934_YiChip\ModuleDemo\YC1171\bt_demo\CM0\Prj\MDK>if "leDemo\YC1171\bt_demo\CM0\Prj\MDK\Objects\tool\" == "" goto getstrlen_last 
D:\project\飞易通\APP_935_YiChip\APP_935_YiChip\APP_934_YiChip\ModuleDemo\YC1171\bt_demo\CM0\Prj\MDK>if not "leDemo\YC1171\bt_demo\CM0\Prj\MDK\Objects\tool\" == "" (
set /a num+=1   
 set "str=eDemo\YC1171\bt_demo\CM0\Prj\MDK\Objects\tool\"  
 goto getstrlen_next 
) 
D:\project\飞易通\APP_935_YiChip\APP_935_YiChip\APP_934_YiChip\ModuleDemo\YC1171\bt_demo\CM0\Prj\MDK>if "eDemo\YC1171\bt_demo\CM0\Prj\MDK\Objects\tool\" == "" goto getstrlen_last 
D:\project\飞易通\APP_935_YiChip\APP_935_YiChip\APP_934_YiChip\ModuleDemo\YC1171\bt_demo\CM0\Prj\MDK>if not "eDemo\YC1171\bt_demo\CM0\Prj\MDK\Objects\tool\" == "" (
set /a num+=1   
 set "str=Demo\YC1171\bt_demo\CM0\Prj\MDK\Objects\tool\"  
 goto getstrlen_next 
) 
D:\project\飞易通\APP_935_YiChip\APP_935_YiChip\APP_934_YiChip\ModuleDemo\YC1171\bt_demo\CM0\Prj\MDK>if "Demo\YC1171\bt_demo\CM0\Prj\MDK\Objects\tool\" == "" goto getstrlen_last 
D:\project\飞易通\APP_935_YiChip\APP_935_YiChip\APP_934_YiChip\ModuleDemo\YC1171\bt_demo\CM0\Prj\MDK>if not "Demo\YC1171\bt_demo\CM0\Prj\MDK\Objects\tool\" == "" (
set /a num+=1   
 set "str=emo\YC1171\bt_demo\CM0\Prj\MDK\Objects\tool\"  
 goto getstrlen_next 
) 
D:\project\飞易通\APP_935_YiChip\APP_935_YiChip\APP_934_YiChip\ModuleDemo\YC1171\bt_demo\CM0\Prj\MDK>if "emo\YC1171\bt_demo\CM0\Prj\MDK\Objects\tool\" == "" goto getstrlen_last 
D:\project\飞易通\APP_935_YiChip\APP_935_YiChip\APP_934_YiChip\ModuleDemo\YC1171\bt_demo\CM0\Prj\MDK>if not "emo\YC1171\bt_demo\CM0\Prj\MDK\Objects\tool\" == "" (
set /a num+=1   
 set "str=mo\YC1171\bt_demo\CM0\Prj\MDK\Objects\tool\"  
 goto getstrlen_next 
) 
D:\project\飞易通\APP_935_YiChip\APP_935_YiChip\APP_934_YiChip\ModuleDemo\YC1171\bt_demo\CM0\Prj\MDK>if "mo\YC1171\bt_demo\CM0\Prj\MDK\Objects\tool\" == "" goto getstrlen_last 
D:\project\飞易通\APP_935_YiChip\APP_935_YiChip\APP_934_YiChip\ModuleDemo\YC1171\bt_demo\CM0\Prj\MDK>if not "mo\YC1171\bt_demo\CM0\Prj\MDK\Objects\tool\" == "" (
set /a num+=1   
 set "str=o\YC1171\bt_demo\CM0\Prj\MDK\Objects\tool\"  
 goto getstrlen_next 
) 
D:\project\飞易通\APP_935_YiChip\APP_935_YiChip\APP_934_YiChip\ModuleDemo\YC1171\bt_demo\CM0\Prj\MDK>if "o\YC1171\bt_demo\CM0\Prj\MDK\Objects\tool\" == "" goto getstrlen_last 
D:\project\飞易通\APP_935_YiChip\APP_935_YiChip\APP_934_YiChip\ModuleDemo\YC1171\bt_demo\CM0\Prj\MDK>if not "o\YC1171\bt_demo\CM0\Prj\MDK\Objects\tool\" == "" (
set /a num+=1   
 set "str=\YC1171\bt_demo\CM0\Prj\MDK\Objects\tool\"  
 goto getstrlen_next 
) 
D:\project\飞易通\APP_935_YiChip\APP_935_YiChip\APP_934_YiChip\ModuleDemo\YC1171\bt_demo\CM0\Prj\MDK>if "\YC1171\bt_demo\CM0\Prj\MDK\Objects\tool\" == "" goto getstrlen_last 
D:\project\飞易通\APP_935_YiChip\APP_935_YiChip\APP_934_YiChip\ModuleDemo\YC1171\bt_demo\CM0\Prj\MDK>if not "\YC1171\bt_demo\CM0\Prj\MDK\Objects\tool\" == "" (
set /a num+=1   
 set "str=YC1171\bt_demo\CM0\Prj\MDK\Objects\tool\"  
 goto getstrlen_next 
) 
D:\project\飞易通\APP_935_YiChip\APP_935_YiChip\APP_934_YiChip\ModuleDemo\YC1171\bt_demo\CM0\Prj\MDK>if "YC1171\bt_demo\CM0\Prj\MDK\Objects\tool\" == "" goto getstrlen_last 
D:\project\飞易通\APP_935_YiChip\APP_935_YiChip\APP_934_YiChip\ModuleDemo\YC1171\bt_demo\CM0\Prj\MDK>if not "YC1171\bt_demo\CM0\Prj\MDK\Objects\tool\" == "" (
set /a num+=1   
 set "str=C1171\bt_demo\CM0\Prj\MDK\Objects\tool\"  
 goto getstrlen_next 
) 
D:\project\飞易通\APP_935_YiChip\APP_935_YiChip\APP_934_YiChip\ModuleDemo\YC1171\bt_demo\CM0\Prj\MDK>if "C1171\bt_demo\CM0\Prj\MDK\Objects\tool\" == "" goto getstrlen_last 
D:\project\飞易通\APP_935_YiChip\APP_935_YiChip\APP_934_YiChip\ModuleDemo\YC1171\bt_demo\CM0\Prj\MDK>if not "C1171\bt_demo\CM0\Prj\MDK\Objects\tool\" == "" (
set /a num+=1   
 set "str=1171\bt_demo\CM0\Prj\MDK\Objects\tool\"  
 goto getstrlen_next 
) 
D:\project\飞易通\APP_935_YiChip\APP_935_YiChip\APP_934_YiChip\ModuleDemo\YC1171\bt_demo\CM0\Prj\MDK>if "1171\bt_demo\CM0\Prj\MDK\Objects\tool\" == "" goto getstrlen_last 
D:\project\飞易通\APP_935_YiChip\APP_935_YiChip\APP_934_YiChip\ModuleDemo\YC1171\bt_demo\CM0\Prj\MDK>if not "1171\bt_demo\CM0\Prj\MDK\Objects\tool\" == "" (
set /a num+=1   
 set "str=171\bt_demo\CM0\Prj\MDK\Objects\tool\"  
 goto getstrlen_next 
) 
D:\project\飞易通\APP_935_YiChip\APP_935_YiChip\APP_934_YiChip\ModuleDemo\YC1171\bt_demo\CM0\Prj\MDK>if "171\bt_demo\CM0\Prj\MDK\Objects\tool\" == "" goto getstrlen_last 
D:\project\飞易通\APP_935_YiChip\APP_935_YiChip\APP_934_YiChip\ModuleDemo\YC1171\bt_demo\CM0\Prj\MDK>if not "171\bt_demo\CM0\Prj\MDK\Objects\tool\" == "" (
set /a num+=1   
 set "str=71\bt_demo\CM0\Prj\MDK\Objects\tool\"  
 goto getstrlen_next 
) 
D:\project\飞易通\APP_935_YiChip\APP_935_YiChip\APP_934_YiChip\ModuleDemo\YC1171\bt_demo\CM0\Prj\MDK>if "71\bt_demo\CM0\Prj\MDK\Objects\tool\" == "" goto getstrlen_last 
D:\project\飞易通\APP_935_YiChip\APP_935_YiChip\APP_934_YiChip\ModuleDemo\YC1171\bt_demo\CM0\Prj\MDK>if not "71\bt_demo\CM0\Prj\MDK\Objects\tool\" == "" (
set /a num+=1   
 set "str=1\bt_demo\CM0\Prj\MDK\Objects\tool\"  
 goto getstrlen_next 
) 
D:\project\飞易通\APP_935_YiChip\APP_935_YiChip\APP_934_YiChip\ModuleDemo\YC1171\bt_demo\CM0\Prj\MDK>if "1\bt_demo\CM0\Prj\MDK\Objects\tool\" == "" goto getstrlen_last 
D:\project\飞易通\APP_935_YiChip\APP_935_YiChip\APP_934_YiChip\ModuleDemo\YC1171\bt_demo\CM0\Prj\MDK>if not "1\bt_demo\CM0\Prj\MDK\Objects\tool\" == "" (
set /a num+=1   
 set "str=\bt_demo\CM0\Prj\MDK\Objects\tool\"  
 goto getstrlen_next 
) 
D:\project\飞易通\APP_935_YiChip\APP_935_YiChip\APP_934_YiChip\ModuleDemo\YC1171\bt_demo\CM0\Prj\MDK>if "\bt_demo\CM0\Prj\MDK\Objects\tool\" == "" goto getstrlen_last 
D:\project\飞易通\APP_935_YiChip\APP_935_YiChip\APP_934_YiChip\ModuleDemo\YC1171\bt_demo\CM0\Prj\MDK>if not "\bt_demo\CM0\Prj\MDK\Objects\tool\" == "" (
set /a num+=1   
 set "str=bt_demo\CM0\Prj\MDK\Objects\tool\"  
 goto getstrlen_next 
) 
D:\project\飞易通\APP_935_YiChip\APP_935_YiChip\APP_934_YiChip\ModuleDemo\YC1171\bt_demo\CM0\Prj\MDK>if "bt_demo\CM0\Prj\MDK\Objects\tool\" == "" goto getstrlen_last 
D:\project\飞易通\APP_935_YiChip\APP_935_YiChip\APP_934_YiChip\ModuleDemo\YC1171\bt_demo\CM0\Prj\MDK>if not "bt_demo\CM0\Prj\MDK\Objects\tool\" == "" (
set /a num+=1   
 set "str=t_demo\CM0\Prj\MDK\Objects\tool\"  
 goto getstrlen_next 
) 
D:\project\飞易通\APP_935_YiChip\APP_935_YiChip\APP_934_YiChip\ModuleDemo\YC1171\bt_demo\CM0\Prj\MDK>if "t_demo\CM0\Prj\MDK\Objects\tool\" == "" goto getstrlen_last 
D:\project\飞易通\APP_935_YiChip\APP_935_YiChip\APP_934_YiChip\ModuleDemo\YC1171\bt_demo\CM0\Prj\MDK>if not "t_demo\CM0\Prj\MDK\Objects\tool\" == "" (
set /a num+=1   
 set "str=_demo\CM0\Prj\MDK\Objects\tool\"  
 goto getstrlen_next 
) 
D:\project\飞易通\APP_935_YiChip\APP_935_YiChip\APP_934_YiChip\ModuleDemo\YC1171\bt_demo\CM0\Prj\MDK>if "_demo\CM0\Prj\MDK\Objects\tool\" == "" goto getstrlen_last 
D:\project\飞易通\APP_935_YiChip\APP_935_YiChip\APP_934_YiChip\ModuleDemo\YC1171\bt_demo\CM0\Prj\MDK>if not "_demo\CM0\Prj\MDK\Objects\tool\" == "" (
set /a num+=1   
 set "str=demo\CM0\Prj\MDK\Objects\tool\"  
 goto getstrlen_next 
) 
D:\project\飞易通\APP_935_YiChip\APP_935_YiChip\APP_934_YiChip\ModuleDemo\YC1171\bt_demo\CM0\Prj\MDK>if "demo\CM0\Prj\MDK\Objects\tool\" == "" goto getstrlen_last 
D:\project\飞易通\APP_935_YiChip\APP_935_YiChip\APP_934_YiChip\ModuleDemo\YC1171\bt_demo\CM0\Prj\MDK>if not "demo\CM0\Prj\MDK\Objects\tool\" == "" (
set /a num+=1   
 set "str=emo\CM0\Prj\MDK\Objects\tool\"  
 goto getstrlen_next 
) 
D:\project\飞易通\APP_935_YiChip\APP_935_YiChip\APP_934_YiChip\ModuleDemo\YC1171\bt_demo\CM0\Prj\MDK>if "emo\CM0\Prj\MDK\Objects\tool\" == "" goto getstrlen_last 
D:\project\飞易通\APP_935_YiChip\APP_935_YiChip\APP_934_YiChip\ModuleDemo\YC1171\bt_demo\CM0\Prj\MDK>if not "emo\CM0\Prj\MDK\Objects\tool\" == "" (
set /a num+=1   
 set "str=mo\CM0\Prj\MDK\Objects\tool\"  
 goto getstrlen_next 
) 
D:\project\飞易通\APP_935_YiChip\APP_935_YiChip\APP_934_YiChip\ModuleDemo\YC1171\bt_demo\CM0\Prj\MDK>if "mo\CM0\Prj\MDK\Objects\tool\" == "" goto getstrlen_last 
D:\project\飞易通\APP_935_YiChip\APP_935_YiChip\APP_934_YiChip\ModuleDemo\YC1171\bt_demo\CM0\Prj\MDK>if not "mo\CM0\Prj\MDK\Objects\tool\" == "" (
set /a num+=1   
 set "str=o\CM0\Prj\MDK\Objects\tool\"  
 goto getstrlen_next 
) 
D:\project\飞易通\APP_935_YiChip\APP_935_YiChip\APP_934_YiChip\ModuleDemo\YC1171\bt_demo\CM0\Prj\MDK>if "o\CM0\Prj\MDK\Objects\tool\" == "" goto getstrlen_last 
D:\project\飞易通\APP_935_YiChip\APP_935_YiChip\APP_934_YiChip\ModuleDemo\YC1171\bt_demo\CM0\Prj\MDK>if not "o\CM0\Prj\MDK\Objects\tool\" == "" (
set /a num+=1   
 set "str=\CM0\Prj\MDK\Objects\tool\"  
 goto getstrlen_next 
) 
D:\project\飞易通\APP_935_YiChip\APP_935_YiChip\APP_934_YiChip\ModuleDemo\YC1171\bt_demo\CM0\Prj\MDK>if "\CM0\Prj\MDK\Objects\tool\" == "" goto getstrlen_last 
D:\project\飞易通\APP_935_YiChip\APP_935_YiChip\APP_934_YiChip\ModuleDemo\YC1171\bt_demo\CM0\Prj\MDK>if not "\CM0\Prj\MDK\Objects\tool\" == "" (
set /a num+=1   
 set "str=CM0\Prj\MDK\Objects\tool\"  
 goto getstrlen_next 
) 
D:\project\飞易通\APP_935_YiChip\APP_935_YiChip\APP_934_YiChip\ModuleDemo\YC1171\bt_demo\CM0\Prj\MDK>if "CM0\Prj\MDK\Objects\tool\" == "" goto getstrlen_last 
D:\project\飞易通\APP_935_YiChip\APP_935_YiChip\APP_934_YiChip\ModuleDemo\YC1171\bt_demo\CM0\Prj\MDK>if not "CM0\Prj\MDK\Objects\tool\" == "" (
set /a num+=1   
 set "str=M0\Prj\MDK\Objects\tool\"  
 goto getstrlen_next 
) 
D:\project\飞易通\APP_935_YiChip\APP_935_YiChip\APP_934_YiChip\ModuleDemo\YC1171\bt_demo\CM0\Prj\MDK>if "M0\Prj\MDK\Objects\tool\" == "" goto getstrlen_last 
D:\project\飞易通\APP_935_YiChip\APP_935_YiChip\APP_934_YiChip\ModuleDemo\YC1171\bt_demo\CM0\Prj\MDK>if not "M0\Prj\MDK\Objects\tool\" == "" (
set /a num+=1   
 set "str=0\Prj\MDK\Objects\tool\"  
 goto getstrlen_next 
) 
D:\project\飞易通\APP_935_YiChip\APP_935_YiChip\APP_934_YiChip\ModuleDemo\YC1171\bt_demo\CM0\Prj\MDK>if "0\Prj\MDK\Objects\tool\" == "" goto getstrlen_last 
D:\project\飞易通\APP_935_YiChip\APP_935_YiChip\APP_934_YiChip\ModuleDemo\YC1171\bt_demo\CM0\Prj\MDK>if not "0\Prj\MDK\Objects\tool\" == "" (
set /a num+=1   
 set "str=\Prj\MDK\Objects\tool\"  
 goto getstrlen_next 
) 
D:\project\飞易通\APP_935_YiChip\APP_935_YiChip\APP_934_YiChip\ModuleDemo\YC1171\bt_demo\CM0\Prj\MDK>if "\Prj\MDK\Objects\tool\" == "" goto getstrlen_last 
D:\project\飞易通\APP_935_YiChip\APP_935_YiChip\APP_934_YiChip\ModuleDemo\YC1171\bt_demo\CM0\Prj\MDK>if not "\Prj\MDK\Objects\tool\" == "" (
set /a num+=1   
 set "str=Prj\MDK\Objects\tool\"  
 goto getstrlen_next 
) 
D:\project\飞易通\APP_935_YiChip\APP_935_YiChip\APP_934_YiChip\ModuleDemo\YC1171\bt_demo\CM0\Prj\MDK>if "Prj\MDK\Objects\tool\" == "" goto getstrlen_last 
D:\project\飞易通\APP_935_YiChip\APP_935_YiChip\APP_934_YiChip\ModuleDemo\YC1171\bt_demo\CM0\Prj\MDK>if not "Prj\MDK\Objects\tool\" == "" (
set /a num+=1   
 set "str=rj\MDK\Objects\tool\"  
 goto getstrlen_next 
) 
D:\project\飞易通\APP_935_YiChip\APP_935_YiChip\APP_934_YiChip\ModuleDemo\YC1171\bt_demo\CM0\Prj\MDK>if "rj\MDK\Objects\tool\" == "" goto getstrlen_last 
D:\project\飞易通\APP_935_YiChip\APP_935_YiChip\APP_934_YiChip\ModuleDemo\YC1171\bt_demo\CM0\Prj\MDK>if not "rj\MDK\Objects\tool\" == "" (
set /a num+=1   
 set "str=j\MDK\Objects\tool\"  
 goto getstrlen_next 
) 
D:\project\飞易通\APP_935_YiChip\APP_935_YiChip\APP_934_YiChip\ModuleDemo\YC1171\bt_demo\CM0\Prj\MDK>if "j\MDK\Objects\tool\" == "" goto getstrlen_last 
D:\project\飞易通\APP_935_YiChip\APP_935_YiChip\APP_934_YiChip\ModuleDemo\YC1171\bt_demo\CM0\Prj\MDK>if not "j\MDK\Objects\tool\" == "" (
set /a num+=1   
 set "str=\MDK\Objects\tool\"  
 goto getstrlen_next 
) 
D:\project\飞易通\APP_935_YiChip\APP_935_YiChip\APP_934_YiChip\ModuleDemo\YC1171\bt_demo\CM0\Prj\MDK>if "\MDK\Objects\tool\" == "" goto getstrlen_last 
D:\project\飞易通\APP_935_YiChip\APP_935_YiChip\APP_934_YiChip\ModuleDemo\YC1171\bt_demo\CM0\Prj\MDK>if not "\MDK\Objects\tool\" == "" (
set /a num+=1   
 set "str=MDK\Objects\tool\"  
 goto getstrlen_next 
) 
D:\project\飞易通\APP_935_YiChip\APP_935_YiChip\APP_934_YiChip\ModuleDemo\YC1171\bt_demo\CM0\Prj\MDK>if "MDK\Objects\tool\" == "" goto getstrlen_last 
D:\project\飞易通\APP_935_YiChip\APP_935_YiChip\APP_934_YiChip\ModuleDemo\YC1171\bt_demo\CM0\Prj\MDK>if not "MDK\Objects\tool\" == "" (
set /a num+=1   
 set "str=DK\Objects\tool\"  
 goto getstrlen_next 
) 
D:\project\飞易通\APP_935_YiChip\APP_935_YiChip\APP_934_YiChip\ModuleDemo\YC1171\bt_demo\CM0\Prj\MDK>if "DK\Objects\tool\" == "" goto getstrlen_last 
D:\project\飞易通\APP_935_YiChip\APP_935_YiChip\APP_934_YiChip\ModuleDemo\YC1171\bt_demo\CM0\Prj\MDK>if not "DK\Objects\tool\" == "" (
set /a num+=1   
 set "str=K\Objects\tool\"  
 goto getstrlen_next 
) 
D:\project\飞易通\APP_935_YiChip\APP_935_YiChip\APP_934_YiChip\ModuleDemo\YC1171\bt_demo\CM0\Prj\MDK>if "K\Objects\tool\" == "" goto getstrlen_last 
D:\project\飞易通\APP_935_YiChip\APP_935_YiChip\APP_934_YiChip\ModuleDemo\YC1171\bt_demo\CM0\Prj\MDK>if not "K\Objects\tool\" == "" (
set /a num+=1   
 set "str=\Objects\tool\"  
 goto getstrlen_next 
) 
D:\project\飞易通\APP_935_YiChip\APP_935_YiChip\APP_934_YiChip\ModuleDemo\YC1171\bt_demo\CM0\Prj\MDK>if "\Objects\tool\" == "" goto getstrlen_last 
D:\project\飞易通\APP_935_YiChip\APP_935_YiChip\APP_934_YiChip\ModuleDemo\YC1171\bt_demo\CM0\Prj\MDK>if not "\Objects\tool\" == "" (
set /a num+=1   
 set "str=Objects\tool\"  
 goto getstrlen_next 
) 
D:\project\飞易通\APP_935_YiChip\APP_935_YiChip\APP_934_YiChip\ModuleDemo\YC1171\bt_demo\CM0\Prj\MDK>if "Objects\tool\" == "" goto getstrlen_last 
D:\project\飞易通\APP_935_YiChip\APP_935_YiChip\APP_934_YiChip\ModuleDemo\YC1171\bt_demo\CM0\Prj\MDK>if not "Objects\tool\" == "" (
set /a num+=1   
 set "str=bjects\tool\"  
 goto getstrlen_next 
) 
D:\project\飞易通\APP_935_YiChip\APP_935_YiChip\APP_934_YiChip\ModuleDemo\YC1171\bt_demo\CM0\Prj\MDK>if "bjects\tool\" == "" goto getstrlen_last 
D:\project\飞易通\APP_935_YiChip\APP_935_YiChip\APP_934_YiChip\ModuleDemo\YC1171\bt_demo\CM0\Prj\MDK>if not "bjects\tool\" == "" (
set /a num+=1   
 set "str=jects\tool\"  
 goto getstrlen_next 
) 
D:\project\飞易通\APP_935_YiChip\APP_935_YiChip\APP_934_YiChip\ModuleDemo\YC1171\bt_demo\CM0\Prj\MDK>if "jects\tool\" == "" goto getstrlen_last 
D:\project\飞易通\APP_935_YiChip\APP_935_YiChip\APP_934_YiChip\ModuleDemo\YC1171\bt_demo\CM0\Prj\MDK>if not "jects\tool\" == "" (
set /a num+=1   
 set "str=ects\tool\"  
 goto getstrlen_next 
) 
D:\project\飞易通\APP_935_YiChip\APP_935_YiChip\APP_934_YiChip\ModuleDemo\YC1171\bt_demo\CM0\Prj\MDK>if "ects\tool\" == "" goto getstrlen_last 
D:\project\飞易通\APP_935_YiChip\APP_935_YiChip\APP_934_YiChip\ModuleDemo\YC1171\bt_demo\CM0\Prj\MDK>if not "ects\tool\" == "" (
set /a num+=1   
 set "str=cts\tool\"  
 goto getstrlen_next 
) 
D:\project\飞易通\APP_935_YiChip\APP_935_YiChip\APP_934_YiChip\ModuleDemo\YC1171\bt_demo\CM0\Prj\MDK>if "cts\tool\" == "" goto getstrlen_last 
D:\project\飞易通\APP_935_YiChip\APP_935_YiChip\APP_934_YiChip\ModuleDemo\YC1171\bt_demo\CM0\Prj\MDK>if not "cts\tool\" == "" (
set /a num+=1   
 set "str=ts\tool\"  
 goto getstrlen_next 
) 
D:\project\飞易通\APP_935_YiChip\APP_935_YiChip\APP_934_YiChip\ModuleDemo\YC1171\bt_demo\CM0\Prj\MDK>if "ts\tool\" == "" goto getstrlen_last 
D:\project\飞易通\APP_935_YiChip\APP_935_YiChip\APP_934_YiChip\ModuleDemo\YC1171\bt_demo\CM0\Prj\MDK>if not "ts\tool\" == "" (
set /a num+=1   
 set "str=s\tool\"  
 goto getstrlen_next 
) 
D:\project\飞易通\APP_935_YiChip\APP_935_YiChip\APP_934_YiChip\ModuleDemo\YC1171\bt_demo\CM0\Prj\MDK>if "s\tool\" == "" goto getstrlen_last 
D:\project\飞易通\APP_935_YiChip\APP_935_YiChip\APP_934_YiChip\ModuleDemo\YC1171\bt_demo\CM0\Prj\MDK>if not "s\tool\" == "" (
set /a num+=1   
 set "str=\tool\"  
 goto getstrlen_next 
) 
D:\project\飞易通\APP_935_YiChip\APP_935_YiChip\APP_934_YiChip\ModuleDemo\YC1171\bt_demo\CM0\Prj\MDK>if "\tool\" == "" goto getstrlen_last 
D:\project\飞易通\APP_935_YiChip\APP_935_YiChip\APP_934_YiChip\ModuleDemo\YC1171\bt_demo\CM0\Prj\MDK>if not "\tool\" == "" (
set /a num+=1   
 set "str=tool\"  
 goto getstrlen_next 
) 
D:\project\飞易通\APP_935_YiChip\APP_935_YiChip\APP_934_YiChip\ModuleDemo\YC1171\bt_demo\CM0\Prj\MDK>if "tool\" == "" goto getstrlen_last 
D:\project\飞易通\APP_935_YiChip\APP_935_YiChip\APP_934_YiChip\ModuleDemo\YC1171\bt_demo\CM0\Prj\MDK>if not "tool\" == "" (
set /a num+=1   
 set "str=ool\"  
 goto getstrlen_next 
) 
D:\project\飞易通\APP_935_YiChip\APP_935_YiChip\APP_934_YiChip\ModuleDemo\YC1171\bt_demo\CM0\Prj\MDK>if "ool\" == "" goto getstrlen_last 
D:\project\飞易通\APP_935_YiChip\APP_935_YiChip\APP_934_YiChip\ModuleDemo\YC1171\bt_demo\CM0\Prj\MDK>if not "ool\" == "" (
set /a num+=1   
 set "str=ol\"  
 goto getstrlen_next 
) 
D:\project\飞易通\APP_935_YiChip\APP_935_YiChip\APP_934_YiChip\ModuleDemo\YC1171\bt_demo\CM0\Prj\MDK>if "ol\" == "" goto getstrlen_last 
D:\project\飞易通\APP_935_YiChip\APP_935_YiChip\APP_934_YiChip\ModuleDemo\YC1171\bt_demo\CM0\Prj\MDK>if not "ol\" == "" (
set /a num+=1   
 set "str=l\"  
 goto getstrlen_next 
) 
D:\project\飞易通\APP_935_YiChip\APP_935_YiChip\APP_934_YiChip\ModuleDemo\YC1171\bt_demo\CM0\Prj\MDK>if "l\" == "" goto getstrlen_last 
D:\project\飞易通\APP_935_YiChip\APP_935_YiChip\APP_934_YiChip\ModuleDemo\YC1171\bt_demo\CM0\Prj\MDK>if not "l\" == "" (
set /a num+=1   
 set "str=\"  
 goto getstrlen_next 
) 
D:\project\飞易通\APP_935_YiChip\APP_935_YiChip\APP_934_YiChip\ModuleDemo\YC1171\bt_demo\CM0\Prj\MDK>if "\" == "" goto getstrlen_last 
D:\project\飞易通\APP_935_YiChip\APP_935_YiChip\APP_934_YiChip\ModuleDemo\YC1171\bt_demo\CM0\Prj\MDK>if not "\" == "" (
set /a num+=1   
 set "str="  
 goto getstrlen_next 
) 
D:\project\飞易通\APP_935_YiChip\APP_935_YiChip\APP_934_YiChip\ModuleDemo\YC1171\bt_demo\CM0\Prj\MDK>if "" == "" goto getstrlen_last 
D:\project\飞易通\APP_935_YiChip\APP_935_YiChip\APP_934_YiChip\ModuleDemo\YC1171\bt_demo\CM0\Prj\MDK>(
endlocal 
 set /a "len_bstr=111" 
) 
D:\project\飞易通\APP_935_YiChip\APP_935_YiChip\APP_934_YiChip\ModuleDemo\YC1171\bt_demo\CM0\Prj\MDK>goto:eof
D:\project\飞易通\APP_935_YiChip\APP_935_YiChip\APP_934_YiChip\ModuleDemo\YC1171\bt_demo\CM0\Prj\MDK>call:getstrlen ModuleDemo len_cstr 
D:\project\飞易通\APP_935_YiChip\APP_935_YiChip\APP_934_YiChip\ModuleDemo\YC1171\bt_demo\CM0\Prj\MDK>setlocal
D:\project\飞易通\APP_935_YiChip\APP_935_YiChip\APP_934_YiChip\ModuleDemo\YC1171\bt_demo\CM0\Prj\MDK>set str=ModuleDemo 
D:\project\飞易通\APP_935_YiChip\APP_935_YiChip\APP_934_YiChip\ModuleDemo\YC1171\bt_demo\CM0\Prj\MDK>set len_cstr=0 
D:\project\飞易通\APP_935_YiChip\APP_935_YiChip\APP_934_YiChip\ModuleDemo\YC1171\bt_demo\CM0\Prj\MDK>set /a "num=0" 
D:\project\飞易通\APP_935_YiChip\APP_935_YiChip\APP_934_YiChip\ModuleDemo\YC1171\bt_demo\CM0\Prj\MDK>if "ModuleDemo" == "" goto getstrlen_last 
D:\project\飞易通\APP_935_YiChip\APP_935_YiChip\APP_934_YiChip\ModuleDemo\YC1171\bt_demo\CM0\Prj\MDK>if not "ModuleDemo" == "" (
set /a num+=1   
 set "str=oduleDemo"  
 goto getstrlen_next 
) 
D:\project\飞易通\APP_935_YiChip\APP_935_YiChip\APP_934_YiChip\ModuleDemo\YC1171\bt_demo\CM0\Prj\MDK>if "oduleDemo" == "" goto getstrlen_last 
D:\project\飞易通\APP_935_YiChip\APP_935_YiChip\APP_934_YiChip\ModuleDemo\YC1171\bt_demo\CM0\Prj\MDK>if not "oduleDemo" == "" (
set /a num+=1   
 set "str=duleDemo"  
 goto getstrlen_next 
) 
D:\project\飞易通\APP_935_YiChip\APP_935_YiChip\APP_934_YiChip\ModuleDemo\YC1171\bt_demo\CM0\Prj\MDK>if "duleDemo" == "" goto getstrlen_last 
D:\project\飞易通\APP_935_YiChip\APP_935_YiChip\APP_934_YiChip\ModuleDemo\YC1171\bt_demo\CM0\Prj\MDK>if not "duleDemo" == "" (
set /a num+=1   
 set "str=uleDemo"  
 goto getstrlen_next 
) 
D:\project\飞易通\APP_935_YiChip\APP_935_YiChip\APP_934_YiChip\ModuleDemo\YC1171\bt_demo\CM0\Prj\MDK>if "uleDemo" == "" goto getstrlen_last 
D:\project\飞易通\APP_935_YiChip\APP_935_YiChip\APP_934_YiChip\ModuleDemo\YC1171\bt_demo\CM0\Prj\MDK>if not "uleDemo" == "" (
set /a num+=1   
 set "str=leDemo"  
 goto getstrlen_next 
) 
D:\project\飞易通\APP_935_YiChip\APP_935_YiChip\APP_934_YiChip\ModuleDemo\YC1171\bt_demo\CM0\Prj\MDK>if "leDemo" == "" goto getstrlen_last 
D:\project\飞易通\APP_935_YiChip\APP_935_YiChip\APP_934_YiChip\ModuleDemo\YC1171\bt_demo\CM0\Prj\MDK>if not "leDemo" == "" (
set /a num+=1   
 set "str=eDemo"  
 goto getstrlen_next 
) 
D:\project\飞易通\APP_935_YiChip\APP_935_YiChip\APP_934_YiChip\ModuleDemo\YC1171\bt_demo\CM0\Prj\MDK>if "eDemo" == "" goto getstrlen_last 
D:\project\飞易通\APP_935_YiChip\APP_935_YiChip\APP_934_YiChip\ModuleDemo\YC1171\bt_demo\CM0\Prj\MDK>if not "eDemo" == "" (
set /a num+=1   
 set "str=Demo"  
 goto getstrlen_next 
) 
D:\project\飞易通\APP_935_YiChip\APP_935_YiChip\APP_934_YiChip\ModuleDemo\YC1171\bt_demo\CM0\Prj\MDK>if "Demo" == "" goto getstrlen_last 
D:\project\飞易通\APP_935_YiChip\APP_935_YiChip\APP_934_YiChip\ModuleDemo\YC1171\bt_demo\CM0\Prj\MDK>if not "Demo" == "" (
set /a num+=1   
 set "str=emo"  
 goto getstrlen_next 
) 
D:\project\飞易通\APP_935_YiChip\APP_935_YiChip\APP_934_YiChip\ModuleDemo\YC1171\bt_demo\CM0\Prj\MDK>if "emo" == "" goto getstrlen_last 
D:\project\飞易通\APP_935_YiChip\APP_935_YiChip\APP_934_YiChip\ModuleDemo\YC1171\bt_demo\CM0\Prj\MDK>if not "emo" == "" (
set /a num+=1   
 set "str=mo"  
 goto getstrlen_next 
) 
D:\project\飞易通\APP_935_YiChip\APP_935_YiChip\APP_934_YiChip\ModuleDemo\YC1171\bt_demo\CM0\Prj\MDK>if "mo" == "" goto getstrlen_last 
D:\project\飞易通\APP_935_YiChip\APP_935_YiChip\APP_934_YiChip\ModuleDemo\YC1171\bt_demo\CM0\Prj\MDK>if not "mo" == "" (
set /a num+=1   
 set "str=o"  
 goto getstrlen_next 
) 
D:\project\飞易通\APP_935_YiChip\APP_935_YiChip\APP_934_YiChip\ModuleDemo\YC1171\bt_demo\CM0\Prj\MDK>if "o" == "" goto getstrlen_last 
D:\project\飞易通\APP_935_YiChip\APP_935_YiChip\APP_934_YiChip\ModuleDemo\YC1171\bt_demo\CM0\Prj\MDK>if not "o" == "" (
set /a num+=1   
 set "str="  
 goto getstrlen_next 
) 
D:\project\飞易通\APP_935_YiChip\APP_935_YiChip\APP_934_YiChip\ModuleDemo\YC1171\bt_demo\CM0\Prj\MDK>if "" == "" goto getstrlen_last 
D:\project\飞易通\APP_935_YiChip\APP_935_YiChip\APP_934_YiChip\ModuleDemo\YC1171\bt_demo\CM0\Prj\MDK>(
endlocal 
 set /a "len_cstr=10" 
) 
D:\project\飞易通\APP_935_YiChip\APP_935_YiChip\APP_934_YiChip\ModuleDemo\YC1171\bt_demo\CM0\Prj\MDK>goto:eof
D:\project\飞易通\APP_935_YiChip\APP_935_YiChip\APP_934_YiChip\ModuleDemo\YC1171\bt_demo\CM0\Prj\MDK>set /a len_remain=len_bstr-num 
D:\project\飞易通\APP_935_YiChip\APP_935_YiChip\APP_934_YiChip\ModuleDemo\YC1171\bt_demo\CM0\Prj\MDK>if 111 LSS 10 (
echo "cann't get str location"  
 set /a num =0  
 goto getstrlocation_last 
) 
D:\project\飞易通\APP_935_YiChip\APP_935_YiChip\APP_934_YiChip\ModuleDemo\YC1171\bt_demo\CM0\Prj\MDK>call:get_fix_len_str D:\project\飞易通\APP_935_YiChip\APP_935_YiChip\APP_934_YiChip\ModuleDemo\YC1171\bt_demo\CM0\Prj\MDK\Objects\tool\  len_cstr compar_str 
D:\project\飞易通\APP_935_YiChip\APP_935_YiChip\APP_934_YiChip\ModuleDemo\YC1171\bt_demo\CM0\Prj\MDK>setlocal
D:\project\飞易通\APP_935_YiChip\APP_935_YiChip\APP_934_YiChip\ModuleDemo\YC1171\bt_demo\CM0\Prj\MDK>set "getstr=" 
D:\project\飞易通\APP_935_YiChip\APP_935_YiChip\APP_934_YiChip\ModuleDemo\YC1171\bt_demo\CM0\Prj\MDK>set str=D:\project\飞易通\APP_935_YiChip\APP_935_YiChip\APP_934_YiChip\ModuleDemo\YC1171\bt_demo\CM0\Prj\MDK\Objects\tool\ 
D:\project\飞易通\APP_935_YiChip\APP_935_YiChip\APP_934_YiChip\ModuleDemo\YC1171\bt_demo\CM0\Prj\MDK>set /a len=len_cstr 
D:\project\飞易通\APP_935_YiChip\APP_935_YiChip\APP_934_YiChip\ModuleDemo\YC1171\bt_demo\CM0\Prj\MDK>set num=0 
D:\project\飞易通\APP_935_YiChip\APP_935_YiChip\APP_934_YiChip\ModuleDemo\YC1171\bt_demo\CM0\Prj\MDK>set getstr=D 
D:\project\飞易通\APP_935_YiChip\APP_935_YiChip\APP_934_YiChip\ModuleDemo\YC1171\bt_demo\CM0\Prj\MDK>set /a num+=1 
D:\project\飞易通\APP_935_YiChip\APP_935_YiChip\APP_934_YiChip\ModuleDemo\YC1171\bt_demo\CM0\Prj\MDK>set str=:\project\飞易通\APP_935_YiChip\APP_935_YiChip\APP_934_YiChip\ModuleDemo\YC1171\bt_demo\CM0\Prj\MDK\Objects\tool\ 
D:\project\飞易通\APP_935_YiChip\APP_935_YiChip\APP_934_YiChip\ModuleDemo\YC1171\bt_demo\CM0\Prj\MDK>if 1 LSS 10 goto get_fix_len_str_loop 
D:\project\飞易通\APP_935_YiChip\APP_935_YiChip\APP_934_YiChip\ModuleDemo\YC1171\bt_demo\CM0\Prj\MDK>set getstr=D: 
D:\project\飞易通\APP_935_YiChip\APP_935_YiChip\APP_934_YiChip\ModuleDemo\YC1171\bt_demo\CM0\Prj\MDK>set /a num+=1 
D:\project\飞易通\APP_935_YiChip\APP_935_YiChip\APP_934_YiChip\ModuleDemo\YC1171\bt_demo\CM0\Prj\MDK>set str=\project\飞易通\APP_935_YiChip\APP_935_YiChip\APP_934_YiChip\ModuleDemo\YC1171\bt_demo\CM0\Prj\MDK\Objects\tool\ 
D:\project\飞易通\APP_935_YiChip\APP_935_YiChip\APP_934_YiChip\ModuleDemo\YC1171\bt_demo\CM0\Prj\MDK>if 2 LSS 10 goto get_fix_len_str_loop 
D:\project\飞易通\APP_935_YiChip\APP_935_YiChip\APP_934_YiChip\ModuleDemo\YC1171\bt_demo\CM0\Prj\MDK>set getstr=D:\ 
D:\project\飞易通\APP_935_YiChip\APP_935_YiChip\APP_934_YiChip\ModuleDemo\YC1171\bt_demo\CM0\Prj\MDK>set /a num+=1 
D:\project\飞易通\APP_935_YiChip\APP_935_YiChip\APP_934_YiChip\ModuleDemo\YC1171\bt_demo\CM0\Prj\MDK>set str=project\飞易通\APP_935_YiChip\APP_935_YiChip\APP_934_YiChip\ModuleDemo\YC1171\bt_demo\CM0\Prj\MDK\Objects\tool\ 
D:\project\飞易通\APP_935_YiChip\APP_935_YiChip\APP_934_YiChip\ModuleDemo\YC1171\bt_demo\CM0\Prj\MDK>if 3 LSS 10 goto get_fix_len_str_loop 
D:\project\飞易通\APP_935_YiChip\APP_935_YiChip\APP_934_YiChip\ModuleDemo\YC1171\bt_demo\CM0\Prj\MDK>set getstr=D:\p 
D:\project\飞易通\APP_935_YiChip\APP_935_YiChip\APP_934_YiChip\ModuleDemo\YC1171\bt_demo\CM0\Prj\MDK>set /a num+=1 
D:\project\飞易通\APP_935_YiChip\APP_935_YiChip\APP_934_YiChip\ModuleDemo\YC1171\bt_demo\CM0\Prj\MDK>set str=roject\飞易通\APP_935_YiChip\APP_935_YiChip\APP_934_YiChip\ModuleDemo\YC1171\bt_demo\CM0\Prj\MDK\Objects\tool\ 
D:\project\飞易通\APP_935_YiChip\APP_935_YiChip\APP_934_YiChip\ModuleDemo\YC1171\bt_demo\CM0\Prj\MDK>if 4 LSS 10 goto get_fix_len_str_loop 
D:\project\飞易通\APP_935_YiChip\APP_935_YiChip\APP_934_YiChip\ModuleDemo\YC1171\bt_demo\CM0\Prj\MDK>set getstr=D:\pr 
D:\project\飞易通\APP_935_YiChip\APP_935_YiChip\APP_934_YiChip\ModuleDemo\YC1171\bt_demo\CM0\Prj\MDK>set /a num+=1 
D:\project\飞易通\APP_935_YiChip\APP_935_YiChip\APP_934_YiChip\ModuleDemo\YC1171\bt_demo\CM0\Prj\MDK>set str=oject\飞易通\APP_935_YiChip\APP_935_YiChip\APP_934_YiChip\ModuleDemo\YC1171\bt_demo\CM0\Prj\MDK\Objects\tool\ 
D:\project\飞易通\APP_935_YiChip\APP_935_YiChip\APP_934_YiChip\ModuleDemo\YC1171\bt_demo\CM0\Prj\MDK>if 5 LSS 10 goto get_fix_len_str_loop 
D:\project\飞易通\APP_935_YiChip\APP_935_YiChip\APP_934_YiChip\ModuleDemo\YC1171\bt_demo\CM0\Prj\MDK>set getstr=D:\pro 
D:\project\飞易通\APP_935_YiChip\APP_935_YiChip\APP_934_YiChip\ModuleDemo\YC1171\bt_demo\CM0\Prj\MDK>set /a num+=1 
D:\project\飞易通\APP_935_YiChip\APP_935_YiChip\APP_934_YiChip\ModuleDemo\YC1171\bt_demo\CM0\Prj\MDK>set str=ject\飞易通\APP_935_YiChip\APP_935_YiChip\APP_934_YiChip\ModuleDemo\YC1171\bt_demo\CM0\Prj\MDK\Objects\tool\ 
D:\project\飞易通\APP_935_YiChip\APP_935_YiChip\APP_934_YiChip\ModuleDemo\YC1171\bt_demo\CM0\Prj\MDK>if 6 LSS 10 goto get_fix_len_str_loop 
D:\project\飞易通\APP_935_YiChip\APP_935_YiChip\APP_934_YiChip\ModuleDemo\YC1171\bt_demo\CM0\Prj\MDK>set getstr=D:\proj 
D:\project\飞易通\APP_935_YiChip\APP_935_YiChip\APP_934_YiChip\ModuleDemo\YC1171\bt_demo\CM0\Prj\MDK>set /a num+=1 
D:\project\飞易通\APP_935_YiChip\APP_935_YiChip\APP_934_YiChip\ModuleDemo\YC1171\bt_demo\CM0\Prj\MDK>set str=ect\飞易通\APP_935_YiChip\APP_935_YiChip\APP_934_YiChip\ModuleDemo\YC1171\bt_demo\CM0\Prj\MDK\Objects\tool\ 
D:\project\飞易通\APP_935_YiChip\APP_935_YiChip\APP_934_YiChip\ModuleDemo\YC1171\bt_demo\CM0\Prj\MDK>if 7 LSS 10 goto get_fix_len_str_loop 
D:\project\飞易通\APP_935_YiChip\APP_935_YiChip\APP_934_YiChip\ModuleDemo\YC1171\bt_demo\CM0\Prj\MDK>set getstr=D:\proje 
D:\project\飞易通\APP_935_YiChip\APP_935_YiChip\APP_934_YiChip\ModuleDemo\YC1171\bt_demo\CM0\Prj\MDK>set /a num+=1 
D:\project\飞易通\APP_935_YiChip\APP_935_YiChip\APP_934_YiChip\ModuleDemo\YC1171\bt_demo\CM0\Prj\MDK>set str=ct\飞易通\APP_935_YiChip\APP_935_YiChip\APP_934_YiChip\ModuleDemo\YC1171\bt_demo\CM0\Prj\MDK\Objects\tool\ 
D:\project\飞易通\APP_935_YiChip\APP_935_YiChip\APP_934_YiChip\ModuleDemo\YC1171\bt_demo\CM0\Prj\MDK>if 8 LSS 10 goto get_fix_len_str_loop 
D:\project\飞易通\APP_935_YiChip\APP_935_YiChip\APP_934_YiChip\ModuleDemo\YC1171\bt_demo\CM0\Prj\MDK>set getstr=D:\projec 
D:\project\飞易通\APP_935_YiChip\APP_935_YiChip\APP_934_YiChip\ModuleDemo\YC1171\bt_demo\CM0\Prj\MDK>set /a num+=1 
D:\project\飞易通\APP_935_YiChip\APP_935_YiChip\APP_934_YiChip\ModuleDemo\YC1171\bt_demo\CM0\Prj\MDK>set str=t\飞易通\APP_935_YiChip\APP_935_YiChip\APP_934_YiChip\ModuleDemo\YC1171\bt_demo\CM0\Prj\MDK\Objects\tool\ 
D:\project\飞易通\APP_935_YiChip\APP_935_YiChip\APP_934_YiChip\ModuleDemo\YC1171\bt_demo\CM0\Prj\MDK>if 9 LSS 10 goto get_fix_len_str_loop 
D:\project\飞易通\APP_935_YiChip\APP_935_YiChip\APP_934_YiChip\ModuleDemo\YC1171\bt_demo\CM0\Prj\MDK>set getstr=D:\project 
D:\project\飞易通\APP_935_YiChip\APP_935_YiChip\APP_934_YiChip\ModuleDemo\YC1171\bt_demo\CM0\Prj\MDK>set /a num+=1 
D:\project\飞易通\APP_935_YiChip\APP_935_YiChip\APP_934_YiChip\ModuleDemo\YC1171\bt_demo\CM0\Prj\MDK>set str=\飞易通\APP_935_YiChip\APP_935_YiChip\APP_934_YiChip\ModuleDemo\YC1171\bt_demo\CM0\Prj\MDK\Objects\tool\ 
D:\project\飞易通\APP_935_YiChip\APP_935_YiChip\APP_934_YiChip\ModuleDemo\YC1171\bt_demo\CM0\Prj\MDK>if 10 LSS 10 goto get_fix_len_str_loop 
D:\project\飞易通\APP_935_YiChip\APP_935_YiChip\APP_934_YiChip\ModuleDemo\YC1171\bt_demo\CM0\Prj\MDK>(
endlocal 
 set compar_str=D:\project 
) 
D:\project\飞易通\APP_935_YiChip\APP_935_YiChip\APP_934_YiChip\ModuleDemo\YC1171\bt_demo\CM0\Prj\MDK>goto:eof
D:\project\飞易通\APP_935_YiChip\APP_935_YiChip\APP_934_YiChip\ModuleDemo\YC1171\bt_demo\CM0\Prj\MDK>if not D:\project == ModuleDemo (
set /a num+=1  
 set "bstr=:\project\飞易通\APP_935_YiChip\APP_935_YiChip\APP_934_YiChip\ModuleDemo\YC1171\bt_demo\CM0\Prj\MDK\Objects\tool\"  
 goto getstrlocation_next 
) 
D:\project\飞易通\APP_935_YiChip\APP_935_YiChip\APP_934_YiChip\ModuleDemo\YC1171\bt_demo\CM0\Prj\MDK>set /a len_remain=len_bstr-num 
D:\project\飞易通\APP_935_YiChip\APP_935_YiChip\APP_934_YiChip\ModuleDemo\YC1171\bt_demo\CM0\Prj\MDK>if 110 LSS 10 (
echo "cann't get str location"  
 set /a num =0  
 goto getstrlocation_last 
) 
D:\project\飞易通\APP_935_YiChip\APP_935_YiChip\APP_934_YiChip\ModuleDemo\YC1171\bt_demo\CM0\Prj\MDK>call:get_fix_len_str :\project\飞易通\APP_935_YiChip\APP_935_YiChip\APP_934_YiChip\ModuleDemo\YC1171\bt_demo\CM0\Prj\MDK\Objects\tool\  len_cstr compar_str 
D:\project\飞易通\APP_935_YiChip\APP_935_YiChip\APP_934_YiChip\ModuleDemo\YC1171\bt_demo\CM0\Prj\MDK>setlocal
D:\project\飞易通\APP_935_YiChip\APP_935_YiChip\APP_934_YiChip\ModuleDemo\YC1171\bt_demo\CM0\Prj\MDK>set "getstr=" 
D:\project\飞易通\APP_935_YiChip\APP_935_YiChip\APP_934_YiChip\ModuleDemo\YC1171\bt_demo\CM0\Prj\MDK>set str=:\project\飞易通\APP_935_YiChip\APP_935_YiChip\APP_934_YiChip\ModuleDemo\YC1171\bt_demo\CM0\Prj\MDK\Objects\tool\ 
D:\project\飞易通\APP_935_YiChip\APP_935_YiChip\APP_934_YiChip\ModuleDemo\YC1171\bt_demo\CM0\Prj\MDK>set /a len=len_cstr 
D:\project\飞易通\APP_935_YiChip\APP_935_YiChip\APP_934_YiChip\ModuleDemo\YC1171\bt_demo\CM0\Prj\MDK>set num=0 
D:\project\飞易通\APP_935_YiChip\APP_935_YiChip\APP_934_YiChip\ModuleDemo\YC1171\bt_demo\CM0\Prj\MDK>set getstr=: 
D:\project\飞易通\APP_935_YiChip\APP_935_YiChip\APP_934_YiChip\ModuleDemo\YC1171\bt_demo\CM0\Prj\MDK>set /a num+=1 
D:\project\飞易通\APP_935_YiChip\APP_935_YiChip\APP_934_YiChip\ModuleDemo\YC1171\bt_demo\CM0\Prj\MDK>set str=\project\飞易通\APP_935_YiChip\APP_935_YiChip\APP_934_YiChip\ModuleDemo\YC1171\bt_demo\CM0\Prj\MDK\Objects\tool\ 
D:\project\飞易通\APP_935_YiChip\APP_935_YiChip\APP_934_YiChip\ModuleDemo\YC1171\bt_demo\CM0\Prj\MDK>if 1 LSS 10 goto get_fix_len_str_loop 
D:\project\飞易通\APP_935_YiChip\APP_935_YiChip\APP_934_YiChip\ModuleDemo\YC1171\bt_demo\CM0\Prj\MDK>set getstr=:\ 
D:\project\飞易通\APP_935_YiChip\APP_935_YiChip\APP_934_YiChip\ModuleDemo\YC1171\bt_demo\CM0\Prj\MDK>set /a num+=1 
D:\project\飞易通\APP_935_YiChip\APP_935_YiChip\APP_934_YiChip\ModuleDemo\YC1171\bt_demo\CM0\Prj\MDK>set str=project\飞易通\APP_935_YiChip\APP_935_YiChip\APP_934_YiChip\ModuleDemo\YC1171\bt_demo\CM0\Prj\MDK\Objects\tool\ 
D:\project\飞易通\APP_935_YiChip\APP_935_YiChip\APP_934_YiChip\ModuleDemo\YC1171\bt_demo\CM0\Prj\MDK>if 2 LSS 10 goto get_fix_len_str_loop 
D:\project\飞易通\APP_935_YiChip\APP_935_YiChip\APP_934_YiChip\ModuleDemo\YC1171\bt_demo\CM0\Prj\MDK>set getstr=:\p 
D:\project\飞易通\APP_935_YiChip\APP_935_YiChip\APP_934_YiChip\ModuleDemo\YC1171\bt_demo\CM0\Prj\MDK>set /a num+=1 
D:\project\飞易通\APP_935_YiChip\APP_935_YiChip\APP_934_YiChip\ModuleDemo\YC1171\bt_demo\CM0\Prj\MDK>set str=roject\飞易通\APP_935_YiChip\APP_935_YiChip\APP_934_YiChip\ModuleDemo\YC1171\bt_demo\CM0\Prj\MDK\Objects\tool\ 
D:\project\飞易通\APP_935_YiChip\APP_935_YiChip\APP_934_YiChip\ModuleDemo\YC1171\bt_demo\CM0\Prj\MDK>if 3 LSS 10 goto get_fix_len_str_loop 
D:\project\飞易通\APP_935_YiChip\APP_935_YiChip\APP_934_YiChip\ModuleDemo\YC1171\bt_demo\CM0\Prj\MDK>set getstr=:\pr 
D:\project\飞易通\APP_935_YiChip\APP_935_YiChip\APP_934_YiChip\ModuleDemo\YC1171\bt_demo\CM0\Prj\MDK>set /a num+=1 
D:\project\飞易通\APP_935_YiChip\APP_935_YiChip\APP_934_YiChip\ModuleDemo\YC1171\bt_demo\CM0\Prj\MDK>set str=oject\飞易通\APP_935_YiChip\APP_935_YiChip\APP_934_YiChip\ModuleDemo\YC1171\bt_demo\CM0\Prj\MDK\Objects\tool\ 
D:\project\飞易通\APP_935_YiChip\APP_935_YiChip\APP_934_YiChip\ModuleDemo\YC1171\bt_demo\CM0\Prj\MDK>if 4 LSS 10 goto get_fix_len_str_loop 
D:\project\飞易通\APP_935_YiChip\APP_935_YiChip\APP_934_YiChip\ModuleDemo\YC1171\bt_demo\CM0\Prj\MDK>set getstr=:\pro 
D:\project\飞易通\APP_935_YiChip\APP_935_YiChip\APP_934_YiChip\ModuleDemo\YC1171\bt_demo\CM0\Prj\MDK>set /a num+=1 
D:\project\飞易通\APP_935_YiChip\APP_935_YiChip\APP_934_YiChip\ModuleDemo\YC1171\bt_demo\CM0\Prj\MDK>set str=ject\飞易通\APP_935_YiChip\APP_935_YiChip\APP_934_YiChip\ModuleDemo\YC1171\bt_demo\CM0\Prj\MDK\Objects\tool\ 
D:\project\飞易通\APP_935_YiChip\APP_935_YiChip\APP_934_YiChip\ModuleDemo\YC1171\bt_demo\CM0\Prj\MDK>if 5 LSS 10 goto get_fix_len_str_loop 
D:\project\飞易通\APP_935_YiChip\APP_935_YiChip\APP_934_YiChip\ModuleDemo\YC1171\bt_demo\CM0\Prj\MDK>set getstr=:\proj 
D:\project\飞易通\APP_935_YiChip\APP_935_YiChip\APP_934_YiChip\ModuleDemo\YC1171\bt_demo\CM0\Prj\MDK>set /a num+=1 
D:\project\飞易通\APP_935_YiChip\APP_935_YiChip\APP_934_YiChip\ModuleDemo\YC1171\bt_demo\CM0\Prj\MDK>set str=ect\飞易通\APP_935_YiChip\APP_935_YiChip\APP_934_YiChip\ModuleDemo\YC1171\bt_demo\CM0\Prj\MDK\Objects\tool\ 
D:\project\飞易通\APP_935_YiChip\APP_935_YiChip\APP_934_YiChip\ModuleDemo\YC1171\bt_demo\CM0\Prj\MDK>if 6 LSS 10 goto get_fix_len_str_loop 
D:\project\飞易通\APP_935_YiChip\APP_935_YiChip\APP_934_YiChip\ModuleDemo\YC1171\bt_demo\CM0\Prj\MDK>set getstr=:\proje 
D:\project\飞易通\APP_935_YiChip\APP_935_YiChip\APP_934_YiChip\ModuleDemo\YC1171\bt_demo\CM0\Prj\MDK>set /a num+=1 
D:\project\飞易通\APP_935_YiChip\APP_935_YiChip\APP_934_YiChip\ModuleDemo\YC1171\bt_demo\CM0\Prj\MDK>set str=ct\飞易通\APP_935_YiChip\APP_935_YiChip\APP_934_YiChip\ModuleDemo\YC1171\bt_demo\CM0\Prj\MDK\Objects\tool\ 
D:\project\飞易通\APP_935_YiChip\APP_935_YiChip\APP_934_YiChip\ModuleDemo\YC1171\bt_demo\CM0\Prj\MDK>if 7 LSS 10 goto get_fix_len_str_loop 
D:\project\飞易通\APP_935_YiChip\APP_935_YiChip\APP_934_YiChip\ModuleDemo\YC1171\bt_demo\CM0\Prj\MDK>set getstr=:\projec 
D:\project\飞易通\APP_935_YiChip\APP_935_YiChip\APP_934_YiChip\ModuleDemo\YC1171\bt_demo\CM0\Prj\MDK>set /a num+=1 
D:\project\飞易通\APP_935_YiChip\APP_935_YiChip\APP_934_YiChip\ModuleDemo\YC1171\bt_demo\CM0\Prj\MDK>set str=t\飞易通\APP_935_YiChip\APP_935_YiChip\APP_934_YiChip\ModuleDemo\YC1171\bt_demo\CM0\Prj\MDK\Objects\tool\ 
D:\project\飞易通\APP_935_YiChip\APP_935_YiChip\APP_934_YiChip\ModuleDemo\YC1171\bt_demo\CM0\Prj\MDK>if 8 LSS 10 goto get_fix_len_str_loop 
D:\project\飞易通\APP_935_YiChip\APP_935_YiChip\APP_934_YiChip\ModuleDemo\YC1171\bt_demo\CM0\Prj\MDK>set getstr=:\project 
D:\project\飞易通\APP_935_YiChip\APP_935_YiChip\APP_934_YiChip\ModuleDemo\YC1171\bt_demo\CM0\Prj\MDK>set /a num+=1 
D:\project\飞易通\APP_935_YiChip\APP_935_YiChip\APP_934_YiChip\ModuleDemo\YC1171\bt_demo\CM0\Prj\MDK>set str=\飞易通\APP_935_YiChip\APP_935_YiChip\APP_934_YiChip\ModuleDemo\YC1171\bt_demo\CM0\Prj\MDK\Objects\tool\ 
D:\project\飞易通\APP_935_YiChip\APP_935_YiChip\APP_934_YiChip\ModuleDemo\YC1171\bt_demo\CM0\Prj\MDK>if 9 LSS 10 goto get_fix_len_str_loop 
D:\project\飞易通\APP_935_YiChip\APP_935_YiChip\APP_934_YiChip\ModuleDemo\YC1171\bt_demo\CM0\Prj\MDK>set getstr=:\project\ 
D:\project\飞易通\APP_935_YiChip\APP_935_YiChip\APP_934_YiChip\ModuleDemo\YC1171\bt_demo\CM0\Prj\MDK>set /a num+=1 
D:\project\飞易通\APP_935_YiChip\APP_935_YiChip\APP_934_YiChip\ModuleDemo\YC1171\bt_demo\CM0\Prj\MDK>set str=飞易通\APP_935_YiChip\APP_935_YiChip\APP_934_YiChip\ModuleDemo\YC1171\bt_demo\CM0\Prj\MDK\Objects\tool\ 
D:\project\飞易通\APP_935_YiChip\APP_935_YiChip\APP_934_YiChip\ModuleDemo\YC1171\bt_demo\CM0\Prj\MDK>if 10 LSS 10 goto get_fix_len_str_loop 
D:\project\飞易通\APP_935_YiChip\APP_935_YiChip\APP_934_YiChip\ModuleDemo\YC1171\bt_demo\CM0\Prj\MDK>(
endlocal 
 set compar_str=:\project\ 
) 
D:\project\飞易通\APP_935_YiChip\APP_935_YiChip\APP_934_YiChip\ModuleDemo\YC1171\bt_demo\CM0\Prj\MDK>goto:eof
D:\project\飞易通\APP_935_YiChip\APP_935_YiChip\APP_934_YiChip\ModuleDemo\YC1171\bt_demo\CM0\Prj\MDK>if not (
set /a num+=1  
 set "bstr=\project\飞易通\APP_935_YiChip\APP_935_YiChip\APP_934_YiChip\ModuleDemo\YC1171\bt_demo\CM0\Prj\MDK\Objects\tool\"  
 goto getstrlocation_next 
) 
D:\project\飞易通\APP_935_YiChip\APP_935_YiChip\APP_934_YiChip\ModuleDemo\YC1171\bt_demo\CM0\Prj\MDK>set /a len_remain=len_bstr-num 
D:\project\飞易通\APP_935_YiChip\APP_935_YiChip\APP_934_YiChip\ModuleDemo\YC1171\bt_demo\CM0\Prj\MDK>if 109 LSS 10 (
echo "cann't get str location"  
 set /a num =0  
 goto getstrlocation_last 
) 
D:\project\飞易通\APP_935_YiChip\APP_935_YiChip\APP_934_YiChip\ModuleDemo\YC1171\bt_demo\CM0\Prj\MDK>call:get_fix_len_str \project\飞易通\APP_935_YiChip\APP_935_YiChip\APP_934_YiChip\ModuleDemo\YC1171\bt_demo\CM0\Prj\MDK\Objects\tool\  len_cstr compar_str 
D:\project\飞易通\APP_935_YiChip\APP_935_YiChip\APP_934_YiChip\ModuleDemo\YC1171\bt_demo\CM0\Prj\MDK>setlocal
D:\project\飞易通\APP_935_YiChip\APP_935_YiChip\APP_934_YiChip\ModuleDemo\YC1171\bt_demo\CM0\Prj\MDK>set "getstr=" 
D:\project\飞易通\APP_935_YiChip\APP_935_YiChip\APP_934_YiChip\ModuleDemo\YC1171\bt_demo\CM0\Prj\MDK>set str=\project\飞易通\APP_935_YiChip\APP_935_YiChip\APP_934_YiChip\ModuleDemo\YC1171\bt_demo\CM0\Prj\MDK\Objects\tool\ 
D:\project\飞易通\APP_935_YiChip\APP_935_YiChip\APP_934_YiChip\ModuleDemo\YC1171\bt_demo\CM0\Prj\MDK>set /a len=len_cstr 
D:\project\飞易通\APP_935_YiChip\APP_935_YiChip\APP_934_YiChip\ModuleDemo\YC1171\bt_demo\CM0\Prj\MDK>set num=0 
D:\project\飞易通\APP_935_YiChip\APP_935_YiChip\APP_934_YiChip\ModuleDemo\YC1171\bt_demo\CM0\Prj\MDK>set getstr=\ 
D:\project\飞易通\APP_935_YiChip\APP_935_YiChip\APP_934_YiChip\ModuleDemo\YC1171\bt_demo\CM0\Prj\MDK>set /a num+=1 
D:\project\飞易通\APP_935_YiChip\APP_935_YiChip\APP_934_YiChip\ModuleDemo\YC1171\bt_demo\CM0\Prj\MDK>set str=project\飞易通\APP_935_YiChip\APP_935_YiChip\APP_934_YiChip\ModuleDemo\YC1171\bt_demo\CM0\Prj\MDK\Objects\tool\ 
D:\project\飞易通\APP_935_YiChip\APP_935_YiChip\APP_934_YiChip\ModuleDemo\YC1171\bt_demo\CM0\Prj\MDK>if 1 LSS 10 goto get_fix_len_str_loop 
D:\project\飞易通\APP_935_YiChip\APP_935_YiChip\APP_934_YiChip\ModuleDemo\YC1171\bt_demo\CM0\Prj\MDK>set getstr=\p 
D:\project\飞易通\APP_935_YiChip\APP_935_YiChip\APP_934_YiChip\ModuleDemo\YC1171\bt_demo\CM0\Prj\MDK>set /a num+=1 
D:\project\飞易通\APP_935_YiChip\APP_935_YiChip\APP_934_YiChip\ModuleDemo\YC1171\bt_demo\CM0\Prj\MDK>set str=roject\飞易通\APP_935_YiChip\APP_935_YiChip\APP_934_YiChip\ModuleDemo\YC1171\bt_demo\CM0\Prj\MDK\Objects\tool\ 
D:\project\飞易通\APP_935_YiChip\APP_935_YiChip\APP_934_YiChip\ModuleDemo\YC1171\bt_demo\CM0\Prj\MDK>if 2 LSS 10 goto get_fix_len_str_loop 
D:\project\飞易通\APP_935_YiChip\APP_935_YiChip\APP_934_YiChip\ModuleDemo\YC1171\bt_demo\CM0\Prj\MDK>set getstr=\pr 
D:\project\飞易通\APP_935_YiChip\APP_935_YiChip\APP_934_YiChip\ModuleDemo\YC1171\bt_demo\CM0\Prj\MDK>set /a num+=1 
D:\project\飞易通\APP_935_YiChip\APP_935_YiChip\APP_934_YiChip\ModuleDemo\YC1171\bt_demo\CM0\Prj\MDK>set str=oject\飞易通\APP_935_YiChip\APP_935_YiChip\APP_934_YiChip\ModuleDemo\YC1171\bt_demo\CM0\Prj\MDK\Objects\tool\ 
D:\project\飞易通\APP_935_YiChip\APP_935_YiChip\APP_934_YiChip\ModuleDemo\YC1171\bt_demo\CM0\Prj\MDK>if 3 LSS 10 goto get_fix_len_str_loop 
D:\project\飞易通\APP_935_YiChip\APP_935_YiChip\APP_934_YiChip\ModuleDemo\YC1171\bt_demo\CM0\Prj\MDK>set getstr=\pro 
D:\project\飞易通\APP_935_YiChip\APP_935_YiChip\APP_934_YiChip\ModuleDemo\YC1171\bt_demo\CM0\Prj\MDK>set /a num+=1 
D:\project\飞易通\APP_935_YiChip\APP_935_YiChip\APP_934_YiChip\ModuleDemo\YC1171\bt_demo\CM0\Prj\MDK>set str=ject\飞易通\APP_935_YiChip\APP_935_YiChip\APP_934_YiChip\ModuleDemo\YC1171\bt_demo\CM0\Prj\MDK\Objects\tool\ 
D:\project\飞易通\APP_935_YiChip\APP_935_YiChip\APP_934_YiChip\ModuleDemo\YC1171\bt_demo\CM0\Prj\MDK>if 4 LSS 10 goto get_fix_len_str_loop 
D:\project\飞易通\APP_935_YiChip\APP_935_YiChip\APP_934_YiChip\ModuleDemo\YC1171\bt_demo\CM0\Prj\MDK>set getstr=\proj 
D:\project\飞易通\APP_935_YiChip\APP_935_YiChip\APP_934_YiChip\ModuleDemo\YC1171\bt_demo\CM0\Prj\MDK>set /a num+=1 
D:\project\飞易通\APP_935_YiChip\APP_935_YiChip\APP_934_YiChip\ModuleDemo\YC1171\bt_demo\CM0\Prj\MDK>set str=ect\飞易通\APP_935_YiChip\APP_935_YiChip\APP_934_YiChip\ModuleDemo\YC1171\bt_demo\CM0\Prj\MDK\Objects\tool\ 
D:\project\飞易通\APP_935_YiChip\APP_935_YiChip\APP_934_YiChip\ModuleDemo\YC1171\bt_demo\CM0\Prj\MDK>if 5 LSS 10 goto get_fix_len_str_loop 
[...]
D:\project\飞易通\APP_935_YiChip\APP_935_YiChip\APP_934_YiChip\ModuleDemo\YC1171\bt_demo\CM0\Prj\MDK>set /a num+=1 
D:\project\飞易通\APP_935_YiChip\APP_935_YiChip\APP_934_YiChip\ModuleDemo\YC1171\bt_demo\CM0\Prj\MDK>set str=PP_935_YiChip\APP_934_YiChip\ModuleDemo\YC1171\bt_demo\CM0\Prj\MDK\Objects\tool\ 
D:\project\飞易通\APP_935_YiChip\APP_935_YiChip\APP_934_YiChip\ModuleDemo\YC1171\bt_demo\CM0\Prj\MDK>if 31 LSS 60 goto get_fix_len_str_loop 
D:\project\飞易通\APP_935_YiChip\APP_935_YiChip\APP_934_YiChip\ModuleDemo\YC1171\bt_demo\CM0\Prj\MDK>set getstr=D:\project\飞易通\APP_935_YiChip\AP 
D:\project\飞易通\APP_935_YiChip\APP_935_YiChip\APP_934_YiChip\ModuleDemo\YC1171\bt_demo\CM0\Prj\MDK>set /a num+=1 
D:\project\飞易通\APP_935_YiChip\APP_935_YiChip\APP_934_YiChip\ModuleDemo\YC1171\bt_demo\CM0\Prj\MDK>set str=P_935_YiChip\APP_934_YiChip\ModuleDemo\YC1171\bt_demo\CM0\Prj\MDK\Objects\tool\ 
D:\project\飞易通\APP_935_YiChip\APP_935_YiChip\APP_934_YiChip\ModuleDemo\YC1171\bt_demo\CM0\Prj\MDK>if 32 LSS 60 goto get_fix_len_str_loop 
D:\project\飞易通\APP_935_YiChip\APP_935_YiChip\APP_934_YiChip\ModuleDemo\YC1171\bt_demo\CM0\Prj\MDK>set getstr=D:\project\飞易通\APP_935_YiChip\APP 
D:\project\飞易通\APP_935_YiChip\APP_935_YiChip\APP_934_YiChip\ModuleDemo\YC1171\bt_demo\CM0\Prj\MDK>set /a num+=1 
D:\project\飞易通\APP_935_YiChip\APP_935_YiChip\APP_934_YiChip\ModuleDemo\YC1171\bt_demo\CM0\Prj\MDK>set str=_935_YiChip\APP_934_YiChip\ModuleDemo\YC1171\bt_demo\CM0\Prj\MDK\Objects\tool\ 
D:\project\飞易通\APP_935_YiChip\APP_935_YiChip\APP_934_YiChip\ModuleDemo\YC1171\bt_demo\CM0\Prj\MDK>if 33 LSS 60 goto get_fix_len_str_loop 
D:\project\飞易通\APP_935_YiChip\APP_935_YiChip\APP_934_YiChip\ModuleDemo\YC1171\bt_demo\CM0\Prj\MDK>set getstr=D:\project\飞易通\APP_935_YiChip\APP_ 
D:\project\飞易通\APP_935_YiChip\APP_935_YiChip\APP_934_YiChip\ModuleDemo\YC1171\bt_demo\CM0\Prj\MDK>set /a num+=1 
D:\project\飞易通\APP_935_YiChip\APP_935_YiChip\APP_934_YiChip\ModuleDemo\YC1171\bt_demo\CM0\Prj\MDK>set str=935_YiChip\APP_934_YiChip\ModuleDemo\YC1171\bt_demo\CM0\Prj\MDK\Objects\tool\ 
D:\project\飞易通\APP_935_YiChip\APP_935_YiChip\APP_934_YiChip\ModuleDemo\YC1171\bt_demo\CM0\Prj\MDK>if 34 LSS 60 goto get_fix_len_str_loop 
D:\project\飞易通\APP_935_YiChip\APP_935_YiChip\APP_934_YiChip\ModuleDemo\YC1171\bt_demo\CM0\Prj\MDK>set getstr=D:\project\飞易通\APP_935_YiChip\APP_9 
D:\project\飞易通\APP_935_YiChip\APP_935_YiChip\APP_934_YiChip\ModuleDemo\YC1171\bt_demo\CM0\Prj\MDK>set /a num+=1 
D:\project\飞易通\APP_935_YiChip\APP_935_YiChip\APP_934_YiChip\ModuleDemo\YC1171\bt_demo\CM0\Prj\MDK>set str=35_YiChip\APP_934_YiChip\ModuleDemo\YC1171\bt_demo\CM0\Prj\MDK\Objects\tool\ 
D:\project\飞易通\APP_935_YiChip\APP_935_YiChip\APP_934_YiChip\ModuleDemo\YC1171\bt_demo\CM0\Prj\MDK>if 35 LSS 60 goto get_fix_len_str_loop 
D:\project\飞易通\APP_935_YiChip\APP_935_YiChip\APP_934_YiChip\ModuleDemo\YC1171\bt_demo\CM0\Prj\MDK>set getstr=D:\project\飞易通\APP_935_YiChip\APP_93 
D:\project\飞易通\APP_935_YiChip\APP_935_YiChip\APP_934_YiChip\ModuleDemo\YC1171\bt_demo\CM0\Prj\MDK>set /a num+=1 
D:\project\飞易通\APP_935_YiChip\APP_935_YiChip\APP_934_YiChip\ModuleDemo\YC1171\bt_demo\CM0\Prj\MDK>set str=5_YiChip\APP_934_YiChip\ModuleDemo\YC1171\bt_demo\CM0\Prj\MDK\Objects\tool\ 
D:\project\飞易通\APP_935_YiChip\APP_935_YiChip\APP_934_YiChip\ModuleDemo\YC1171\bt_demo\CM0\Prj\MDK>if 36 LSS 60 goto get_fix_len_str_loop 
D:\project\飞易通\APP_935_YiChip\APP_935_YiChip\APP_934_YiChip\ModuleDemo\YC1171\bt_demo\CM0\Prj\MDK>set getstr=D:\project\飞易通\APP_935_YiChip\APP_935 
D:\project\飞易通\APP_935_YiChip\APP_935_YiChip\APP_934_YiChip\ModuleDemo\YC1171\bt_demo\CM0\Prj\MDK>set /a num+=1 
D:\project\飞易通\APP_935_YiChip\APP_935_YiChip\APP_934_YiChip\ModuleDemo\YC1171\bt_demo\CM0\Prj\MDK>set str=_YiChip\APP_934_YiChip\ModuleDemo\YC1171\bt_demo\CM0\Prj\MDK\Objects\tool\ 
D:\project\飞易通\APP_935_YiChip\APP_935_YiChip\APP_934_YiChip\ModuleDemo\YC1171\bt_demo\CM0\Prj\MDK>if 37 LSS 60 goto get_fix_len_str_loop 
D:\project\飞易通\APP_935_YiChip\APP_935_YiChip\APP_934_YiChip\ModuleDemo\YC1171\bt_demo\CM0\Prj\MDK>set getstr=D:\project\飞易通\APP_935_YiChip\APP_935_ 
D:\project\飞易通\APP_935_YiChip\APP_935_YiChip\APP_934_YiChip\ModuleDemo\YC1171\bt_demo\CM0\Prj\MDK>set /a num+=1 
D:\project\飞易通\APP_935_YiChip\APP_935_YiChip\APP_934_YiChip\ModuleDemo\YC1171\bt_demo\CM0\Prj\MDK>set str=YiChip\APP_934_YiChip\ModuleDemo\YC1171\bt_demo\CM0\Prj\MDK\Objects\tool\ 
D:\project\飞易通\APP_935_YiChip\APP_935_YiChip\APP_934_YiChip\ModuleDemo\YC1171\bt_demo\CM0\Prj\MDK>if 38 LSS 60 goto get_fix_len_str_loop 
D:\project\飞易通\APP_935_YiChip\APP_935_YiChip\APP_934_YiChip\ModuleDemo\YC1171\bt_demo\CM0\Prj\MDK>set getstr=D:\project\飞易通\APP_935_YiChip\APP_935_Y 
D:\project\飞易通\APP_935_YiChip\APP_935_YiChip\APP_934_YiChip\ModuleDemo\YC1171\bt_demo\CM0\Prj\MDK>set /a num+=1 
D:\project\飞易通\APP_935_YiChip\APP_935_YiChip\APP_934_YiChip\ModuleDemo\YC1171\bt_demo\CM0\Prj\MDK>set str=iChip\APP_934_YiChip\ModuleDemo\YC1171\bt_demo\CM0\Prj\MDK\Objects\tool\ 
D:\project\飞易通\APP_935_YiChip\APP_935_YiChip\APP_934_YiChip\ModuleDemo\YC1171\bt_demo\CM0\Prj\MDK>if 39 LSS 60 goto get_fix_len_str_loop 
D:\project\飞易通\APP_935_YiChip\APP_935_YiChip\APP_934_YiChip\ModuleDemo\YC1171\bt_demo\CM0\Prj\MDK>set getstr=D:\project\飞易通\APP_935_YiChip\APP_935_Yi 
D:\project\飞易通\APP_935_YiChip\APP_935_YiChip\APP_934_YiChip\ModuleDemo\YC1171\bt_demo\CM0\Prj\MDK>set /a num+=1 
D:\project\飞易通\APP_935_YiChip\APP_935_YiChip\APP_934_YiChip\ModuleDemo\YC1171\bt_demo\CM0\Prj\MDK>set str=Chip\APP_934_YiChip\ModuleDemo\YC1171\bt_demo\CM0\Prj\MDK\Objects\tool\ 
D:\project\飞易通\APP_935_YiChip\APP_935_YiChip\APP_934_YiChip\ModuleDemo\YC1171\bt_demo\CM0\Prj\MDK>if 40 LSS 60 goto get_fix_len_str_loop 
D:\project\飞易通\APP_935_YiChip\APP_935_YiChip\APP_934_YiChip\ModuleDemo\YC1171\bt_demo\CM0\Prj\MDK>set getstr=D:\project\飞易通\APP_935_YiChip\APP_935_YiC 
D:\project\飞易通\APP_935_YiChip\APP_935_YiChip\APP_934_YiChip\ModuleDemo\YC1171\bt_demo\CM0\Prj\MDK>set /a num+=1 
D:\project\飞易通\APP_935_YiChip\APP_935_YiChip\APP_934_YiChip\ModuleDemo\YC1171\bt_demo\CM0\Prj\MDK>set str=hip\APP_934_YiChip\ModuleDemo\YC1171\bt_demo\CM0\Prj\MDK\Objects\tool\ 
D:\project\飞易通\APP_935_YiChip\APP_935_YiChip\APP_934_YiChip\ModuleDemo\YC1171\bt_demo\CM0\Prj\MDK>if 41 LSS 60 goto get_fix_len_str_loop 
D:\project\飞易通\APP_935_YiChip\APP_935_YiChip\APP_934_YiChip\ModuleDemo\YC1171\bt_demo\CM0\Prj\MDK>set getstr=D:\project\飞易通\APP_935_YiChip\APP_935_YiCh 
D:\project\飞易通\APP_935_YiChip\APP_935_YiChip\APP_934_YiChip\ModuleDemo\YC1171\bt_demo\CM0\Prj\MDK>set /a num+=1 
D:\project\飞易通\APP_935_YiChip\APP_935_YiChip\APP_934_YiChip\ModuleDemo\YC1171\bt_demo\CM0\Prj\MDK>set str=ip\APP_934_YiChip\ModuleDemo\YC1171\bt_demo\CM0\Prj\MDK\Objects\tool\ 
D:\project\飞易通\APP_935_YiChip\APP_935_YiChip\APP_934_YiChip\ModuleDemo\YC1171\bt_demo\CM0\Prj\MDK>if 42 LSS 60 goto get_fix_len_str_loop 
D:\project\飞易通\APP_935_YiChip\APP_935_YiChip\APP_934_YiChip\ModuleDemo\YC1171\bt_demo\CM0\Prj\MDK>set getstr=D:\project\飞易通\APP_935_YiChip\APP_935_YiChi 
D:\project\飞易通\APP_935_YiChip\APP_935_YiChip\APP_934_YiChip\ModuleDemo\YC1171\bt_demo\CM0\Prj\MDK>set /a num+=1 
D:\project\飞易通\APP_935_YiChip\APP_935_YiChip\APP_934_YiChip\ModuleDemo\YC1171\bt_demo\CM0\Prj\MDK>set str=p\APP_934_YiChip\ModuleDemo\YC1171\bt_demo\CM0\Prj\MDK\Objects\tool\ 
D:\project\飞易通\APP_935_YiChip\APP_935_YiChip\APP_934_YiChip\ModuleDemo\YC1171\bt_demo\CM0\Prj\MDK>if 43 LSS 60 goto get_fix_len_str_loop 
D:\project\飞易通\APP_935_YiChip\APP_935_YiChip\APP_934_YiChip\ModuleDemo\YC1171\bt_demo\CM0\Prj\MDK>set getstr=D:\project\飞易通\APP_935_YiChip\APP_935_YiChip 
D:\project\飞易通\APP_935_YiChip\APP_935_YiChip\APP_934_YiChip\ModuleDemo\YC1171\bt_demo\CM0\Prj\MDK>set /a num+=1 
D:\project\飞易通\APP_935_YiChip\APP_935_YiChip\APP_934_YiChip\ModuleDemo\YC1171\bt_demo\CM0\Prj\MDK>set str=\APP_934_YiChip\ModuleDemo\YC1171\bt_demo\CM0\Prj\MDK\Objects\tool\ 
D:\project\飞易通\APP_935_YiChip\APP_935_YiChip\APP_934_YiChip\ModuleDemo\YC1171\bt_demo\CM0\Prj\MDK>if 44 LSS 60 goto get_fix_len_str_loop 
D:\project\飞易通\APP_935_YiChip\APP_935_YiChip\APP_934_YiChip\ModuleDemo\YC1171\bt_demo\CM0\Prj\MDK>set getstr=D:\project\飞易通\APP_935_YiChip\APP_935_YiChip\ 
D:\project\飞易通\APP_935_YiChip\APP_935_YiChip\APP_934_YiChip\ModuleDemo\YC1171\bt_demo\CM0\Prj\MDK>set /a num+=1 
D:\project\飞易通\APP_935_YiChip\APP_935_YiChip\APP_934_YiChip\ModuleDemo\YC1171\bt_demo\CM0\Prj\MDK>set str=APP_934_YiChip\ModuleDemo\YC1171\bt_demo\CM0\Prj\MDK\Objects\tool\ 
D:\project\飞易通\APP_935_YiChip\APP_935_YiChip\APP_934_YiChip\ModuleDemo\YC1171\bt_demo\CM0\Prj\MDK>if 45 LSS 60 goto get_fix_len_str_loop 
D:\project\飞易通\APP_935_YiChip\APP_935_YiChip\APP_934_YiChip\ModuleDemo\YC1171\bt_demo\CM0\Prj\MDK>set getstr=D:\project\飞易通\APP_935_YiChip\APP_935_YiChip\A 
D:\project\飞易通\APP_935_YiChip\APP_935_YiChip\APP_934_YiChip\ModuleDemo\YC1171\bt_demo\CM0\Prj\MDK>set /a num+=1 
D:\project\飞易通\APP_935_YiChip\APP_935_YiChip\APP_934_YiChip\ModuleDemo\YC1171\bt_demo\CM0\Prj\MDK>set str=PP_934_YiChip\ModuleDemo\YC1171\bt_demo\CM0\Prj\MDK\Objects\tool\ 
D:\project\飞易通\APP_935_YiChip\APP_935_YiChip\APP_934_YiChip\ModuleDemo\YC1171\bt_demo\CM0\Prj\MDK>if 46 LSS 60 goto get_fix_len_str_loop 
D:\project\飞易通\APP_935_YiChip\APP_935_YiChip\APP_934_YiChip\ModuleDemo\YC1171\bt_demo\CM0\Prj\MDK>set getstr=D:\project\飞易通\APP_935_YiChip\APP_935_YiChip\AP 
D:\project\飞易通\APP_935_YiChip\APP_935_YiChip\APP_934_YiChip\ModuleDemo\YC1171\bt_demo\CM0\Prj\MDK>set /a num+=1 
D:\project\飞易通\APP_935_YiChip\APP_935_YiChip\APP_934_YiChip\ModuleDemo\YC1171\bt_demo\CM0\Prj\MDK>set str=P_934_YiChip\ModuleDemo\YC1171\bt_demo\CM0\Prj\MDK\Objects\tool\ 
D:\project\飞易通\APP_935_YiChip\APP_935_YiChip\APP_934_YiChip\ModuleDemo\YC1171\bt_demo\CM0\Prj\MDK>if 47 LSS 60 goto get_fix_len_str_loop 
D:\project\飞易通\APP_935_YiChip\APP_935_YiChip\APP_934_YiChip\ModuleDemo\YC1171\bt_demo\CM0\Prj\MDK>set getstr=D:\project\飞易通\APP_935_YiChip\APP_935_YiChip\APP 
D:\project\飞易通\APP_935_YiChip\APP_935_YiChip\APP_934_YiChip\ModuleDemo\YC1171\bt_demo\CM0\Prj\MDK>set /a num+=1 
D:\project\飞易通\APP_935_YiChip\APP_935_YiChip\APP_934_YiChip\ModuleDemo\YC1171\bt_demo\CM0\Prj\MDK>set str=_934_YiChip\ModuleDemo\YC1171\bt_demo\CM0\Prj\MDK\Objects\tool\ 
D:\project\飞易通\APP_935_YiChip\APP_935_YiChip\APP_934_YiChip\ModuleDemo\YC1171\bt_demo\CM0\Prj\MDK>if 48 LSS 60 goto get_fix_len_str_loop 
D:\project\飞易通\APP_935_YiChip\APP_935_YiChip\APP_934_YiChip\ModuleDemo\YC1171\bt_demo\CM0\Prj\MDK>set getstr=D:\project\飞易通\APP_935_YiChip\APP_935_YiChip\APP_ 
D:\project\飞易通\APP_935_YiChip\APP_935_YiChip\APP_934_YiChip\ModuleDemo\YC1171\bt_demo\CM0\Prj\MDK>set /a num+=1 
D:\project\飞易通\APP_935_YiChip\APP_935_YiChip\APP_934_YiChip\ModuleDemo\YC1171\bt_demo\CM0\Prj\MDK>set str=934_YiChip\ModuleDemo\YC1171\bt_demo\CM0\Prj\MDK\Objects\tool\ 
D:\project\飞易通\APP_935_YiChip\APP_935_YiChip\APP_934_YiChip\ModuleDemo\YC1171\bt_demo\CM0\Prj\MDK>if 49 LSS 60 goto get_fix_len_str_loop 
D:\project\飞易通\APP_935_YiChip\APP_935_YiChip\APP_934_YiChip\ModuleDemo\YC1171\bt_demo\CM0\Prj\MDK>set getstr=D:\project\飞易通\APP_935_YiChip\APP_935_YiChip\APP_9 
D:\project\飞易通\APP_935_YiChip\APP_935_YiChip\APP_934_YiChip\ModuleDemo\YC1171\bt_demo\CM0\Prj\MDK>set /a num+=1 
D:\project\飞易通\APP_935_YiChip\APP_935_YiChip\APP_934_YiChip\ModuleDemo\YC1171\bt_demo\CM0\Prj\MDK>set str=34_YiChip\ModuleDemo\YC1171\bt_demo\CM0\Prj\MDK\Objects\tool\ 
D:\project\飞易通\APP_935_YiChip\APP_935_YiChip\APP_934_YiChip\ModuleDemo\YC1171\bt_demo\CM0\Prj\MDK>if 50 LSS 60 goto get_fix_len_str_loop 
D:\project\飞易通\APP_935_YiChip\APP_935_YiChip\APP_934_YiChip\ModuleDemo\YC1171\bt_demo\CM0\Prj\MDK>set getstr=D:\project\飞易通\APP_935_YiChip\APP_935_YiChip\APP_93 
D:\project\飞易通\APP_935_YiChip\APP_935_YiChip\APP_934_YiChip\ModuleDemo\YC1171\bt_demo\CM0\Prj\MDK>set /a num+=1 
D:\project\飞易通\APP_935_YiChip\APP_935_YiChip\APP_934_YiChip\ModuleDemo\YC1171\bt_demo\CM0\Prj\MDK>set str=4_YiChip\ModuleDemo\YC1171\bt_demo\CM0\Prj\MDK\Objects\tool\ 
D:\project\飞易通\APP_935_YiChip\APP_935_YiChip\APP_934_YiChip\ModuleDemo\YC1171\bt_demo\CM0\Prj\MDK>if 51 LSS 60 goto get_fix_len_str_loop 
D:\project\飞易通\APP_935_YiChip\APP_935_YiChip\APP_934_YiChip\ModuleDemo\YC1171\bt_demo\CM0\Prj\MDK>set getstr=D:\project\飞易通\APP_935_YiChip\APP_935_YiChip\APP_934 
D:\project\飞易通\APP_935_YiChip\APP_935_YiChip\APP_934_YiChip\ModuleDemo\YC1171\bt_demo\CM0\Prj\MDK>set /a num+=1 
D:\project\飞易通\APP_935_YiChip\APP_935_YiChip\APP_934_YiChip\ModuleDemo\YC1171\bt_demo\CM0\Prj\MDK>set str=_YiChip\ModuleDemo\YC1171\bt_demo\CM0\Prj\MDK\Objects\tool\ 
D:\project\飞易通\APP_935_YiChip\APP_935_YiChip\APP_934_YiChip\ModuleDemo\YC1171\bt_demo\CM0\Prj\MDK>if 52 LSS 60 goto get_fix_len_str_loop 
D:\project\飞易通\APP_935_YiChip\APP_935_YiChip\APP_934_YiChip\ModuleDemo\YC1171\bt_demo\CM0\Prj\MDK>set getstr=D:\project\飞易通\APP_935_YiChip\APP_935_YiChip\APP_934_ 
D:\project\飞易通\APP_935_YiChip\APP_935_YiChip\APP_934_YiChip\ModuleDemo\YC1171\bt_demo\CM0\Prj\MDK>set /a num+=1 
D:\project\飞易通\APP_935_YiChip\APP_935_YiChip\APP_934_YiChip\ModuleDemo\YC1171\bt_demo\CM0\Prj\MDK>set str=YiChip\ModuleDemo\YC1171\bt_demo\CM0\Prj\MDK\Objects\tool\ 
D:\project\飞易通\APP_935_YiChip\APP_935_YiChip\APP_934_YiChip\ModuleDemo\YC1171\bt_demo\CM0\Prj\MDK>if 53 LSS 60 goto get_fix_len_str_loop 
D:\project\飞易通\APP_935_YiChip\APP_935_YiChip\APP_934_YiChip\ModuleDemo\YC1171\bt_demo\CM0\Prj\MDK>set getstr=D:\project\飞易通\APP_935_YiChip\APP_935_YiChip\APP_934_Y 
D:\project\飞易通\APP_935_YiChip\APP_935_YiChip\APP_934_YiChip\ModuleDemo\YC1171\bt_demo\CM0\Prj\MDK>set /a num+=1 
D:\project\飞易通\APP_935_YiChip\APP_935_YiChip\APP_934_YiChip\ModuleDemo\YC1171\bt_demo\CM0\Prj\MDK>set str=iChip\ModuleDemo\YC1171\bt_demo\CM0\Prj\MDK\Objects\tool\ 
D:\project\飞易通\APP_935_YiChip\APP_935_YiChip\APP_934_YiChip\ModuleDemo\YC1171\bt_demo\CM0\Prj\MDK>if 54 LSS 60 goto get_fix_len_str_loop 
D:\project\飞易通\APP_935_YiChip\APP_935_YiChip\APP_934_YiChip\ModuleDemo\YC1171\bt_demo\CM0\Prj\MDK>set getstr=D:\project\飞易通\APP_935_YiChip\APP_935_YiChip\APP_934_Yi 
D:\project\飞易通\APP_935_YiChip\APP_935_YiChip\APP_934_YiChip\ModuleDemo\YC1171\bt_demo\CM0\Prj\MDK>set /a num+=1 
D:\project\飞易通\APP_935_YiChip\APP_935_YiChip\APP_934_YiChip\ModuleDemo\YC1171\bt_demo\CM0\Prj\MDK>set str=Chip\ModuleDemo\YC1171\bt_demo\CM0\Prj\MDK\Objects\tool\ 
D:\project\飞易通\APP_935_YiChip\APP_935_YiChip\APP_934_YiChip\ModuleDemo\YC1171\bt_demo\CM0\Prj\MDK>if 55 LSS 60 goto get_fix_len_str_loop 
D:\project\飞易通\APP_935_YiChip\APP_935_YiChip\APP_934_YiChip\ModuleDemo\YC1171\bt_demo\CM0\Prj\MDK>set getstr=D:\project\飞易通\APP_935_YiChip\APP_935_YiChip\APP_934_YiC 
D:\project\飞易通\APP_935_YiChip\APP_935_YiChip\APP_934_YiChip\ModuleDemo\YC1171\bt_demo\CM0\Prj\MDK>set /a num+=1 
D:\project\飞易通\APP_935_YiChip\APP_935_YiChip\APP_934_YiChip\ModuleDemo\YC1171\bt_demo\CM0\Prj\MDK>set str=hip\ModuleDemo\YC1171\bt_demo\CM0\Prj\MDK\Objects\tool\ 
D:\project\飞易通\APP_935_YiChip\APP_935_YiChip\APP_934_YiChip\ModuleDemo\YC1171\bt_demo\CM0\Prj\MDK>if 56 LSS 60 goto get_fix_len_str_loop 
D:\project\飞易通\APP_935_YiChip\APP_935_YiChip\APP_934_YiChip\ModuleDemo\YC1171\bt_demo\CM0\Prj\MDK>set getstr=D:\project\飞易通\APP_935_YiChip\APP_935_YiChip\APP_934_YiCh 
D:\project\飞易通\APP_935_YiChip\APP_935_YiChip\APP_934_YiChip\ModuleDemo\YC1171\bt_demo\CM0\Prj\MDK>set /a num+=1 
D:\project\飞易通\APP_935_YiChip\APP_935_YiChip\APP_934_YiChip\ModuleDemo\YC1171\bt_demo\CM0\Prj\MDK>set str=ip\ModuleDemo\YC1171\bt_demo\CM0\Prj\MDK\Objects\tool\ 
D:\project\飞易通\APP_935_YiChip\APP_935_YiChip\APP_934_YiChip\ModuleDemo\YC1171\bt_demo\CM0\Prj\MDK>if 57 LSS 60 goto get_fix_len_str_loop 
D:\project\飞易通\APP_935_YiChip\APP_935_YiChip\APP_934_YiChip\ModuleDemo\YC1171\bt_demo\CM0\Prj\MDK>set getstr=D:\project\飞易通\APP_935_YiChip\APP_935_YiChip\APP_934_YiChi 
D:\project\飞易通\APP_935_YiChip\APP_935_YiChip\APP_934_YiChip\ModuleDemo\YC1171\bt_demo\CM0\Prj\MDK>set /a num+=1 
D:\project\飞易通\APP_935_YiChip\APP_935_YiChip\APP_934_YiChip\ModuleDemo\YC1171\bt_demo\CM0\Prj\MDK>set str=p\ModuleDemo\YC1171\bt_demo\CM0\Prj\MDK\Objects\tool\ 
D:\project\飞易通\APP_935_YiChip\APP_935_YiChip\APP_934_YiChip\ModuleDemo\YC1171\bt_demo\CM0\Prj\MDK>if 58 LSS 60 goto get_fix_len_str_loop 
D:\project\飞易通\APP_935_YiChip\APP_935_YiChip\APP_934_YiChip\ModuleDemo\YC1171\bt_demo\CM0\Prj\MDK>set getstr=D:\project\飞易通\APP_935_YiChip\APP_935_YiChip\APP_934_YiChip 
D:\project\飞易通\APP_935_YiChip\APP_935_YiChip\APP_934_YiChip\ModuleDemo\YC1171\bt_demo\CM0\Prj\MDK>set /a num+=1 
D:\project\飞易通\APP_935_YiChip\APP_935_YiChip\APP_934_YiChip\ModuleDemo\YC1171\bt_demo\CM0\Prj\MDK>set str=\ModuleDemo\YC1171\bt_demo\CM0\Prj\MDK\Objects\tool\ 
D:\project\飞易通\APP_935_YiChip\APP_935_YiChip\APP_934_YiChip\ModuleDemo\YC1171\bt_demo\CM0\Prj\MDK>if 59 LSS 60 goto get_fix_len_str_loop 
D:\project\飞易通\APP_935_YiChip\APP_935_YiChip\APP_934_YiChip\ModuleDemo\YC1171\bt_demo\CM0\Prj\MDK>set getstr=D:\project\飞易通\APP_935_YiChip\APP_935_YiChip\APP_934_YiChip\ 
D:\project\飞易通\APP_935_YiChip\APP_935_YiChip\APP_934_YiChip\ModuleDemo\YC1171\bt_demo\CM0\Prj\MDK>set /a num+=1 
D:\project\飞易通\APP_935_YiChip\APP_935_YiChip\APP_934_YiChip\ModuleDemo\YC1171\bt_demo\CM0\Prj\MDK>set str=ModuleDemo\YC1171\bt_demo\CM0\Prj\MDK\Objects\tool\ 
D:\project\飞易通\APP_935_YiChip\APP_935_YiChip\APP_934_YiChip\ModuleDemo\YC1171\bt_demo\CM0\Prj\MDK>if 60 LSS 60 goto get_fix_len_str_loop 
D:\project\飞易通\APP_935_YiChip\APP_935_YiChip\APP_934_YiChip\ModuleDemo\YC1171\bt_demo\CM0\Prj\MDK>(
endlocal 
 set soft_path=D:\project\飞易通\APP_935_YiChip\APP_935_YiChip\APP_934_YiChip\ 
) 
D:\project\飞易通\APP_935_YiChip\APP_935_YiChip\APP_934_YiChip\ModuleDemo\YC1171\bt_demo\CM0\Prj\MDK>goto:eof
D:\project\飞易通\APP_935_YiChip\APP_935_YiChip\APP_934_YiChip\ModuleDemo\YC1171\bt_demo\CM0\Prj\MDK>set lib_path=D:\project\飞易通\APP_935_YiChip\APP_935_YiChip\APP_934_YiChip\Librarier 
D:\project\飞易通\APP_935_YiChip\APP_935_YiChip\APP_934_YiChip\ModuleDemo\YC1171\bt_demo\CM0\Prj\MDK>set rom_path=D:\project\飞易通\APP_935_YiChip\APP_935_YiChip\APP_934_YiChip\Librarier\bt_rom 
D:\project\飞易通\APP_935_YiChip\APP_935_YiChip\APP_934_YiChip\ModuleDemo\YC1171\bt_demo\CM0\Prj\MDK>set util=D:\project\飞易通\APP_935_YiChip\APP_935_YiChip\APP_934_YiChip\Librarier\bt_rom\util 
D:\project\飞易通\APP_935_YiChip\APP_935_YiChip\APP_934_YiChip\ModuleDemo\YC1171\bt_demo\CM0\Prj\MDK>echo start compile cm0 bin 
start compile cm0 bin
D:\project\飞易通\APP_935_YiChip\APP_935_YiChip\APP_934_YiChip\ModuleDemo\YC1171\bt_demo\CM0\Prj\MDK>set OBJ_PATH=.\Objects 
D:\project\飞易通\APP_935_YiChip\APP_935_YiChip\APP_934_YiChip\ModuleDemo\YC1171\bt_demo\CM0\Prj\MDK>perl .\Objects\tool\hex2rom.pl 0 80000  32 .\Objects\yc11xx.hex  .\Objects\output\out.rom 
input:  .\Objects\yc11xx.hex
output:  .\Objects\output\out.rom
type=4, addr=0, line=1
+>.\Objects\output\out.rom
D:\project\飞易通\APP_935_YiChip\APP_935_YiChip\APP_934_YiChip\ModuleDemo\YC1171\bt_demo\CM0\Prj\MDK>copy .\Objects\output\out.rom ..\Output 
已复制         1 个文件。
D:\project\飞易通\APP_935_YiChip\APP_935_YiChip\APP_934_YiChip\ModuleDemo\YC1171\bt_demo\CM0\Prj\MDK>echo compile cm0 bin ok 
compile cm0 bin ok
已复制         1 个文件。
已复制         1 个文件。
已复制         1 个文件。
已复制         1 个文件。
otp size 8, 0 data blocks 
xip offset 5eb1, flash size 33041, 115 data blocks 
删除文件 - D:\project\飞易通\APP_935_YiChip\APP_935_YiChip\APP_934_YiChip\ModuleDemo\YC1171\bt_demo\CM0\Prj\Output\zcode.rom
删除文件 - D:\project\飞易通\APP_935_YiChip\APP_935_YiChip\APP_934_YiChip\ModuleDemo\YC1171\bt_demo\CM0\Prj\Output\ramcode.rom
删除文件 - D:\project\飞易通\APP_935_YiChip\APP_935_YiChip\APP_934_YiChip\ModuleDemo\YC1171\bt_demo\CM0\Prj\Output\memmap.format
删除文件 - D:\project\飞易通\APP_935_YiChip\APP_935_YiChip\APP_934_YiChip\ModuleDemo\YC1171\bt_demo\CM0\Prj\Output\sched.rom
compile full bin ok
".\Objects\yc11xx.axf" - 0 Error(s), 0 Warning(s).

<h2>Collection of Component include folders:</h2>
  .\RTE\_blueware
  D:\Keil\ARM\PACK\ARM\CMSIS\5.0.1\Device\ARM\ARMCM0\Include

<h2>Collection of Component Files used:</h2>
Build Time Elapsed:  00:00:03
</pre>
</body>
</html>
